Archive member included to satisfy reference by file (symbol)

/usr/lib/gcc/arm-none-eabi/10.3.1/thumb/v6-m/nofp/libgcc.a(_dvmd_tls.o)
                              CMakeFiles/TMC2209.dir/home/prlx/pico/pico-sdk/src/rp2_common/pico_divider/divider.S.obj (__aeabi_idiv0)
/usr/lib/gcc/arm-none-eabi/10.3.1/../../../arm-none-eabi/lib/thumb/v6-m/nofp/libg.a(lib_a-atexit.o)
                              /usr/lib/gcc/arm-none-eabi/10.3.1/../../../arm-none-eabi/lib/thumb/v6-m/nofp/crt0.o (atexit)
/usr/lib/gcc/arm-none-eabi/10.3.1/../../../arm-none-eabi/lib/thumb/v6-m/nofp/libg.a(lib_a-calloc.o)
                              CMakeFiles/TMC2209.dir/home/prlx/pico/pico-sdk/src/rp2_common/pico_malloc/pico_malloc.c.obj (calloc)
/usr/lib/gcc/arm-none-eabi/10.3.1/../../../arm-none-eabi/lib/thumb/v6-m/nofp/libg.a(lib_a-callocr.o)
                              /usr/lib/gcc/arm-none-eabi/10.3.1/../../../arm-none-eabi/lib/thumb/v6-m/nofp/libg.a(lib_a-calloc.o) (_calloc_r)
/usr/lib/gcc/arm-none-eabi/10.3.1/../../../arm-none-eabi/lib/thumb/v6-m/nofp/libg.a(lib_a-fini.o)
                              /usr/lib/gcc/arm-none-eabi/10.3.1/../../../arm-none-eabi/lib/thumb/v6-m/nofp/crt0.o (__libc_fini_array)
/usr/lib/gcc/arm-none-eabi/10.3.1/../../../arm-none-eabi/lib/thumb/v6-m/nofp/libg.a(lib_a-impure.o)
                              /usr/lib/gcc/arm-none-eabi/10.3.1/../../../arm-none-eabi/lib/thumb/v6-m/nofp/libg.a(lib_a-calloc.o) (_impure_ptr)
/usr/lib/gcc/arm-none-eabi/10.3.1/../../../arm-none-eabi/lib/thumb/v6-m/nofp/libg.a(lib_a-init.o)
                              /usr/lib/gcc/arm-none-eabi/10.3.1/../../../arm-none-eabi/lib/thumb/v6-m/nofp/crt0.o (__libc_init_array)
/usr/lib/gcc/arm-none-eabi/10.3.1/../../../arm-none-eabi/lib/thumb/v6-m/nofp/libg.a(lib_a-malloc.o)
                              CMakeFiles/TMC2209.dir/home/prlx/pico/pico-sdk/src/rp2_common/pico_malloc/pico_malloc.c.obj (malloc)
/usr/lib/gcc/arm-none-eabi/10.3.1/../../../arm-none-eabi/lib/thumb/v6-m/nofp/libg.a(lib_a-mallocr.o)
                              /usr/lib/gcc/arm-none-eabi/10.3.1/../../../arm-none-eabi/lib/thumb/v6-m/nofp/libg.a(lib_a-callocr.o) (_malloc_r)
/usr/lib/gcc/arm-none-eabi/10.3.1/../../../arm-none-eabi/lib/thumb/v6-m/nofp/libg.a(lib_a-mlock.o)
                              /usr/lib/gcc/arm-none-eabi/10.3.1/../../../arm-none-eabi/lib/thumb/v6-m/nofp/libg.a(lib_a-mallocr.o) (__malloc_lock)
/usr/lib/gcc/arm-none-eabi/10.3.1/../../../arm-none-eabi/lib/thumb/v6-m/nofp/libg.a(lib_a-realloc.o)
                              CMakeFiles/TMC2209.dir/home/prlx/pico/pico-sdk/src/rp2_common/pico_malloc/pico_malloc.c.obj (realloc)
/usr/lib/gcc/arm-none-eabi/10.3.1/../../../arm-none-eabi/lib/thumb/v6-m/nofp/libg.a(lib_a-reallocr.o)
                              /usr/lib/gcc/arm-none-eabi/10.3.1/../../../arm-none-eabi/lib/thumb/v6-m/nofp/libg.a(lib_a-realloc.o) (_realloc_r)
/usr/lib/gcc/arm-none-eabi/10.3.1/../../../arm-none-eabi/lib/thumb/v6-m/nofp/libg.a(lib_a-sbrkr.o)
                              /usr/lib/gcc/arm-none-eabi/10.3.1/../../../arm-none-eabi/lib/thumb/v6-m/nofp/libg.a(lib_a-mallocr.o) (_sbrk_r)
/usr/lib/gcc/arm-none-eabi/10.3.1/../../../arm-none-eabi/lib/thumb/v6-m/nofp/libg.a(lib_a-strlen-stub.o)
                              CMakeFiles/TMC2209.dir/home/prlx/pico/pico-sdk/src/rp2_common/pico_stdio/stdio.c.obj (strlen)
/usr/lib/gcc/arm-none-eabi/10.3.1/../../../arm-none-eabi/lib/thumb/v6-m/nofp/libg.a(lib_a-__atexit.o)
                              /usr/lib/gcc/arm-none-eabi/10.3.1/../../../arm-none-eabi/lib/thumb/v6-m/nofp/libg.a(lib_a-atexit.o) (__register_exitproc)
/usr/lib/gcc/arm-none-eabi/10.3.1/../../../arm-none-eabi/lib/thumb/v6-m/nofp/libg.a(lib_a-freer.o)
                              /usr/lib/gcc/arm-none-eabi/10.3.1/../../../arm-none-eabi/lib/thumb/v6-m/nofp/libg.a(lib_a-malloc.o) (_free_r)
/usr/lib/gcc/arm-none-eabi/10.3.1/../../../arm-none-eabi/lib/thumb/v6-m/nofp/libg.a(lib_a-memmove.o)
                              /usr/lib/gcc/arm-none-eabi/10.3.1/../../../arm-none-eabi/lib/thumb/v6-m/nofp/libg.a(lib_a-reallocr.o) (memmove)
/usr/lib/gcc/arm-none-eabi/10.3.1/../../../arm-none-eabi/lib/thumb/v6-m/nofp/libg.a(lib_a-reent.o)
                              /usr/lib/gcc/arm-none-eabi/10.3.1/../../../arm-none-eabi/lib/thumb/v6-m/nofp/libg.a(lib_a-sbrkr.o) (errno)

Discarded input sections

 .text          0x0000000000000000        0x0 /usr/lib/gcc/arm-none-eabi/10.3.1/thumb/v6-m/nofp/crti.o
 .data          0x0000000000000000        0x0 /usr/lib/gcc/arm-none-eabi/10.3.1/thumb/v6-m/nofp/crti.o
 .bss           0x0000000000000000        0x0 /usr/lib/gcc/arm-none-eabi/10.3.1/thumb/v6-m/nofp/crti.o
 .data          0x0000000000000000        0x4 /usr/lib/gcc/arm-none-eabi/10.3.1/thumb/v6-m/nofp/crtbegin.o
 .rodata        0x0000000000000000       0x24 /usr/lib/gcc/arm-none-eabi/10.3.1/thumb/v6-m/nofp/crtbegin.o
 .fini_array    0x0000000000000000        0x4 /usr/lib/gcc/arm-none-eabi/10.3.1/thumb/v6-m/nofp/crtbegin.o
[...]
Memory Configuration

Name             Origin             Length             Attributes
FLASH            0x0000000010000000 0x0000000000200000 xr
RAM              0x0000000020000000 0x0000000000040000 xrw
SCRATCH_X        0x0000000020040000 0x0000000000001000 xrw
SCRATCH_Y        0x0000000020041000 0x0000000000001000 xrw
*default*        0x0000000000000000 0xffffffffffffffff

Linker script and memory map

LOAD /usr/lib/gcc/arm-none-eabi/10.3.1/thumb/v6-m/nofp/crti.o
LOAD /usr/lib/gcc/arm-none-eabi/10.3.1/thumb/v6-m/nofp/crtbegin.o
LOAD /usr/lib/gcc/arm-none-eabi/10.3.1/../../../arm-none-eabi/lib/thumb/v6-m/nofp/crt0.o

.flash_begin    0x0000000010000000        0x0
                0x0000000010000000                __flash_binary_start = .

.boot2          0x0000000010000000      0x100
                0x0000000010000000                __boot2_start__ = .
 *(.boot2)
 .boot2         0x0000000010000000      0x100 /tmp/ccgwwq9h.o
                0x0000000010000100                __boot2_end__ = .
                0x0000000000000001                ASSERT (((__boot2_end__ - __boot2_start__) == 0x100), ERROR: Pico second stage bootloader must be 256 bytes in size)

.text           0x0000000010000100     0x7318
                0x0000000010000100                __logical_binary_start = .
 *(.vectors)
 .vectors       0x0000000010000100       0xd4 CMakeFiles/TMC2209.dir/home/prlx/pico/pico-sdk/src/rp2_common/pico_standard_link/crt0.S.obj
                0x0000000010000100                __vectors
                0x0000000010000100                __VECTOR_TABLE
                0x00000000100001c0                isr_invalid
                0x00000000100001c0                __default_isrs_start
                0x00000000100001c2                isr_nmi
                0x00000000100001c4                isr_hardfault
                0x00000000100001c6                isr_svcall
                0x00000000100001c8                isr_pendsv
                0x00000000100001ca                isr_systick
                0x00000000100001cc                isr_irq30
                0x00000000100001cc                __unhandled_user_irq
                0x00000000100001cc                isr_irq13
                0x00000000100001cc                isr_irq27
                0x00000000100001cc                isr_irq31
                0x00000000100001cc                isr_irq5
                0x00000000100001cc                isr_irq11
                0x00000000100001cc                isr_irq23
                0x00000000100001cc                isr_irq18
                0x00000000100001cc                isr_irq28
                0x00000000100001cc                isr_irq19
                0x00000000100001cc                isr_irq0
                0x00000000100001cc                isr_irq6
                0x00000000100001cc                isr_irq22
                0x00000000100001cc                isr_irq17
                0x00000000100001cc                isr_irq14
                0x00000000100001cc                isr_irq2
                0x00000000100001cc                isr_irq10
                0x00000000100001cc                isr_irq8
                0x00000000100001cc                isr_irq24
                0x00000000100001cc                isr_irq1
                0x00000000100001cc                isr_irq7
                0x00000000100001cc                isr_irq21
                0x00000000100001cc                isr_irq20
                0x00000000100001cc                isr_irq15
                0x00000000100001cc                isr_irq25
                0x00000000100001cc                isr_irq4
                0x00000000100001cc                isr_irq16
                0x00000000100001cc                isr_irq29
                0x00000000100001cc                isr_irq26
                0x00000000100001cc                __default_isrs_end
                0x00000000100001cc                isr_irq3
                0x00000000100001cc                isr_irq12
                0x00000000100001cc                isr_irq9
                0x00000000100001d2                unhandled_user_irq_num_in_r0
 *(.binary_info_header)
 .binary_info_header
                0x00000000100001d4       0x14 CMakeFiles/TMC2209.dir/home/prlx/pico/pico-sdk/src/rp2_common/pico_standard_link/crt0.S.obj
                0x00000000100001e8                __binary_info_header_end = .
 *(.reset)
 .reset         0x00000000100001e8       0xa0 CMakeFiles/TMC2209.dir/home/prlx/pico/pico-sdk/src/rp2_common/pico_standard_link/crt0.S.obj
                0x00000000100001e8                _entry_point
 .reset         0x0000000010000288       0x30 CMakeFiles/TMC2209.dir/home/prlx/pico/pico-sdk/src/rp2_common/pico_standard_link/binary_info.c.obj
 *(.init)
 .init          0x00000000100002b8        0x4 /usr/lib/gcc/arm-none-eabi/10.3.1/thumb/v6-m/nofp/crti.o
                0x00000000100002b8                _init
 *(EXCLUDE_FILE(*libm.a: *libc.a:*lib_a-mem*.o *libgcc.a:) .text*)
 .text          0x00000000100002bc       0x98 /usr/lib/gcc/arm-none-eabi/10.3.1/thumb/v6-m/nofp/crtbegin.o
 .text.gpioInit
                0x0000000010000354       0x2c CMakeFiles/TMC2209.dir/TMC2209.c.obj
                0x0000000010000354                gpioInit
 .text.gpioUartInit
                0x0000000010000380       0x14 CMakeFiles/TMC2209.dir/TMC2209.c.obj
                0x0000000010000380                gpioUartInit
 .text.uartInit
                0x0000000010000394       0x30 CMakeFiles/TMC2209.dir/TMC2209.c.obj
                0x0000000010000394                uartInit
 .text.calcCRC  0x00000000100003c4       0x3e CMakeFiles/TMC2209.dir/TMC2209.c.obj
                0x00000000100003c4                calcCRC
 *fill*         0x0000000010000402        0x2 
 .text.tmc_write
                0x0000000010000404       0x9c CMakeFiles/TMC2209.dir/TMC2209.c.obj
                0x0000000010000404                tmc_write
 .text.set_vactual
                0x00000000100004a0        0xc CMakeFiles/TMC2209.dir/TMC2209.c.obj
                0x00000000100004a0                set_vactual
 .text.set_ihold_irun
                0x00000000100004ac       0x3c CMakeFiles/TMC2209.dir/TMC2209.c.obj
                0x00000000100004ac                set_ihold_irun
 .text.linear_acc_control
                0x00000000100004e8       0x54 CMakeFiles/TMC2209.dir/TMC2209.c.obj
                0x00000000100004e8                linear_acc_control
 .text.main     0x000000001000053c       0x20 CMakeFiles/TMC2209.dir/TMC2209.c.obj
                0x000000001000053c                main
 .text.gpio_set_function
                0x000000001000055c       0x30 CMakeFiles/TMC2209.dir/home/prlx/pico/pico-sdk/src/rp2_common/hardware_gpio/gpio.c.obj
                0x000000001000055c                gpio_set_function
 .text.gpio_init
                0x000000001000058c       0x16 CMakeFiles/TMC2209.dir/home/prlx/pico/pico-sdk/src/rp2_common/hardware_gpio/gpio.c.obj
                0x000000001000058c                gpio_init
 *fill*         0x00000000100005a2        0x2 
 .text.running_on_fpga
                0x00000000100005a4       0x14 CMakeFiles/TMC2209.dir/home/prlx/pico/pico-sdk/src/rp2_common/pico_platform/platform.c.obj
                0x00000000100005a4                running_on_fpga
 .text.hw_claim_lock
                0x00000000100005b8       0x18 CMakeFiles/TMC2209.dir/home/prlx/pico/pico-sdk/src/rp2_common/hardware_claim/claim.c.obj
                0x00000000100005b8                hw_claim_lock
 .text.hw_claim_unlock
                0x00000000100005d0       0x14 CMakeFiles/TMC2209.dir/home/prlx/pico/pico-sdk/src/rp2_common/hardware_claim/claim.c.obj
                0x00000000100005d0                hw_claim_unlock
 .text.hw_claim_or_assert
                0x00000000100005e4       0x32 CMakeFiles/TMC2209.dir/home/prlx/pico/pico-sdk/src/rp2_common/hardware_claim/claim.c.obj
                0x00000000100005e4                hw_claim_or_assert
 .text.hw_claim_unused_from_range
                0x0000000010000616       0x50 CMakeFiles/TMC2209.dir/home/prlx/pico/pico-sdk/src/rp2_common/hardware_claim/claim.c.obj
                0x0000000010000616                hw_claim_unused_from_range
 *fill*         0x0000000010000666        0x2 
 .text.spin_locks_reset
                0x0000000010000668       0x20 CMakeFiles/TMC2209.dir/home/prlx/pico/pico-sdk/src/rp2_common/hardware_sync/sync.c.obj
                0x0000000010000668                spin_locks_reset
 .text.next_striped_spin_lock_num
                0x0000000010000688       0x1c CMakeFiles/TMC2209.dir/home/prlx/pico/pico-sdk/src/rp2_common/hardware_sync/sync.c.obj
                0x0000000010000688                next_striped_spin_lock_num
 .text.spin_lock_claim_unused
                0x00000000100006a4       0x20 CMakeFiles/TMC2209.dir/home/prlx/pico/pico-sdk/src/rp2_common/hardware_sync/sync.c.obj
                0x00000000100006a4                spin_lock_claim_unused
 .text.set_raw_irq_handler_and_unlock
                0x00000000100006c4       0x28 CMakeFiles/TMC2209.dir/home/prlx/pico/pico-sdk/src/rp2_common/hardware_irq/irq.c.obj
 .text.make_branch
                0x00000000100006ec       0x48 CMakeFiles/TMC2209.dir/home/prlx/pico/pico-sdk/src/rp2_common/hardware_irq/irq.c.obj
 .text.insert_branch_and_link
                0x0000000010000734       0x40 CMakeFiles/TMC2209.dir/home/prlx/pico/pico-sdk/src/rp2_common/hardware_irq/irq.c.obj
 .text.irq_is_enabled
                0x0000000010000774       0x18 CMakeFiles/TMC2209.dir/home/prlx/pico/pico-sdk/src/rp2_common/hardware_irq/irq.c.obj
                0x0000000010000774                irq_is_enabled
 .text.irq_set_mask_enabled
                0x000000001000078c       0x20 CMakeFiles/TMC2209.dir/home/prlx/pico/pico-sdk/src/rp2_common/hardware_irq/irq.c.obj
                0x000000001000078c                irq_set_mask_enabled
 .text.irq_set_enabled
                0x00000000100007ac        0xe CMakeFiles/TMC2209.dir/home/prlx/pico/pico-sdk/src/rp2_common/hardware_irq/irq.c.obj
                0x00000000100007ac                irq_set_enabled
 *fill*         0x00000000100007ba        0x2 
 .text.irq_set_pending
                0x00000000100007bc       0x10 CMakeFiles/TMC2209.dir/home/prlx/pico/pico-sdk/src/rp2_common/hardware_irq/irq.c.obj
                0x00000000100007bc                irq_set_pending
 .text.irq_get_vtable_handler
                0x00000000100007cc       0x10 CMakeFiles/TMC2209.dir/home/prlx/pico/pico-sdk/src/rp2_common/hardware_irq/irq.c.obj
                0x00000000100007cc                irq_get_vtable_handler
 .text.irq_has_shared_handler
                0x00000000100007dc       0x24 CMakeFiles/TMC2209.dir/home/prlx/pico/pico-sdk/src/rp2_common/hardware_irq/irq.c.obj
                0x00000000100007dc                irq_has_shared_handler
 .text.irq_set_exclusive_handler
                0x0000000010000800       0x54 CMakeFiles/TMC2209.dir/home/prlx/pico/pico-sdk/src/rp2_common/hardware_irq/irq.c.obj
                0x0000000010000800                irq_set_exclusive_handler
 .text.irq_add_shared_handler
                0x0000000010000854      0x234 CMakeFiles/TMC2209.dir/home/prlx/pico/pico-sdk/src/rp2_common/hardware_irq/irq.c.obj
                0x0000000010000854                irq_add_shared_handler
 .text.irq_remove_handler
                0x0000000010000a88      0x1ac CMakeFiles/TMC2209.dir/home/prlx/pico/pico-sdk/src/rp2_common/hardware_irq/irq.c.obj
                0x0000000010000a88                irq_remove_handler
 .text.irq_add_tail_to_free_list
                0x0000000010000c34       0xf0 CMakeFiles/TMC2209.dir/home/prlx/pico/pico-sdk/src/rp2_common/hardware_irq/irq.c.obj
                0x0000000010000c34                irq_add_tail_to_free_list
 .text.irq_init_priorities
                0x0000000010000d24       0x1c CMakeFiles/TMC2209.dir/home/prlx/pico/pico-sdk/src/rp2_common/hardware_irq/irq.c.obj
                0x0000000010000d24                irq_init_priorities
 .text.user_irq_claim_unused
                0x0000000010000d40       0x28 CMakeFiles/TMC2209.dir/home/prlx/pico/pico-sdk/src/rp2_common/hardware_irq/irq.c.obj
                0x0000000010000d40                user_irq_claim_unused
 .text.lock_init
                0x0000000010000d68       0x10 CMakeFiles/TMC2209.dir/home/prlx/pico/pico-sdk/src/common/pico_sync/lock_core.c.obj
                0x0000000010000d68                lock_init
 .text.mutex_init
                0x0000000010000d78       0x1a CMakeFiles/TMC2209.dir/home/prlx/pico/pico-sdk/src/common/pico_sync/mutex.c.obj
                0x0000000010000d78                mutex_init
 .text.recursive_mutex_init
                0x0000000010000d92       0x1e CMakeFiles/TMC2209.dir/home/prlx/pico/pico-sdk/src/common/pico_sync/mutex.c.obj
                0x0000000010000d92                recursive_mutex_init
 .text.critical_section_init_with_lock_num
                0x0000000010000db0       0x14 CMakeFiles/TMC2209.dir/home/prlx/pico/pico-sdk/src/common/pico_sync/critical_section.c.obj
                0x0000000010000db0                critical_section_init_with_lock_num
 .text.critical_section_init
                0x0000000010000dc4       0x14 CMakeFiles/TMC2209.dir/home/prlx/pico/pico-sdk/src/common/pico_sync/critical_section.c.obj
                0x0000000010000dc4                critical_section_init
 .text.alarm_pool_post_alloc_init
                0x0000000010000dd8       0x40 CMakeFiles/TMC2209.dir/home/prlx/pico/pico-sdk/src/common/pico_time/time.c.obj
 .text.sleep_until_callback
                0x0000000010000e18       0x30 CMakeFiles/TMC2209.dir/home/prlx/pico/pico-sdk/src/common/pico_time/time.c.obj
 .text.timer_pool_entry_comparator
                0x0000000010000e48       0x7c CMakeFiles/TMC2209.dir/home/prlx/pico/pico-sdk/src/common/pico_time/time.c.obj
                0x0000000010000e48                timer_pool_entry_comparator
 .text.ph_add_child_node
                0x0000000010000ec4       0xa4 CMakeFiles/TMC2209.dir/home/prlx/pico/pico-sdk/src/common/pico_time/time.c.obj
 .text.ph_merge_nodes
                0x0000000010000f68       0x3e CMakeFiles/TMC2209.dir/home/prlx/pico/pico-sdk/src/common/pico_time/time.c.obj
 *fill*         0x0000000010000fa6        0x2 
 .text.add_alarm_under_lock
                0x0000000010000fa8      0x174 CMakeFiles/TMC2209.dir/home/prlx/pico/pico-sdk/src/common/pico_time/time.c.obj
 .text.alarm_pool_alarm_callback
                0x000000001000111c      0x33c CMakeFiles/TMC2209.dir/home/prlx/pico/pico-sdk/src/common/pico_time/time.c.obj
 .text.alarm_pool_init_default
                0x0000000010001458       0x40 CMakeFiles/TMC2209.dir/home/prlx/pico/pico-sdk/src/common/pico_time/time.c.obj
                0x0000000010001458                alarm_pool_init_default
 .text.alarm_pool_get_default
                0x0000000010001498       0x2c CMakeFiles/TMC2209.dir/home/prlx/pico/pico-sdk/src/common/pico_time/time.c.obj
                0x0000000010001498                alarm_pool_get_default
 .text.alarm_pool_add_alarm_at
                0x00000000100014c4      0x168 CMakeFiles/TMC2209.dir/home/prlx/pico/pico-sdk/src/common/pico_time/time.c.obj
                0x00000000100014c4                alarm_pool_add_alarm_at
 .text.alarm_pool_cancel_alarm
                0x000000001000162c       0xf8 CMakeFiles/TMC2209.dir/home/prlx/pico/pico-sdk/src/common/pico_time/time.c.obj
                0x000000001000162c                alarm_pool_cancel_alarm
 .text.alarm_pool_core_num
                0x0000000010001724        0x4 CMakeFiles/TMC2209.dir/home/prlx/pico/pico-sdk/src/common/pico_time/time.c.obj
                0x0000000010001724                alarm_pool_core_num
 .text.sleep_until
                0x0000000010001728       0xfc CMakeFiles/TMC2209.dir/home/prlx/pico/pico-sdk/src/common/pico_time/time.c.obj
                0x0000000010001728                sleep_until
 .text.sleep_us
                0x0000000010001824       0x58 CMakeFiles/TMC2209.dir/home/prlx/pico/pico-sdk/src/common/pico_time/time.c.obj
                0x0000000010001824                sleep_us
 .text.best_effort_wfe_or_timeout
                0x000000001000187c       0xac CMakeFiles/TMC2209.dir/home/prlx/pico/pico-sdk/src/common/pico_time/time.c.obj
                0x000000001000187c                best_effort_wfe_or_timeout
 .text.hardware_alarm_irq_handler
                0x0000000010001928       0x90 CMakeFiles/TMC2209.dir/home/prlx/pico/pico-sdk/src/rp2_common/hardware_timer/timer.c.obj
 .text.hardware_alarm_claim
                0x00000000100019b8       0x18 CMakeFiles/TMC2209.dir/home/prlx/pico/pico-sdk/src/rp2_common/hardware_timer/timer.c.obj
                0x00000000100019b8                hardware_alarm_claim
 .text.time_us_64
                0x00000000100019d0       0x18 CMakeFiles/TMC2209.dir/home/prlx/pico/pico-sdk/src/rp2_common/hardware_timer/timer.c.obj
                0x00000000100019d0                time_us_64
 .text.busy_wait_until
                0x00000000100019e8       0x28 CMakeFiles/TMC2209.dir/home/prlx/pico/pico-sdk/src/rp2_common/hardware_timer/timer.c.obj
                0x00000000100019e8                busy_wait_until
 .text.busy_wait_us
                0x0000000010001a10       0x48 CMakeFiles/TMC2209.dir/home/prlx/pico/pico-sdk/src/rp2_common/hardware_timer/timer.c.obj
                0x0000000010001a10                busy_wait_us
 .text.busy_wait_us_32
                0x0000000010001a58       0x24 CMakeFiles/TMC2209.dir/home/prlx/pico/pico-sdk/src/rp2_common/hardware_timer/timer.c.obj
                0x0000000010001a58                busy_wait_us_32
 .text.busy_wait_ms
                0x0000000010001a7c       0x30 CMakeFiles/TMC2209.dir/home/prlx/pico/pico-sdk/src/rp2_common/hardware_timer/timer.c.obj
                0x0000000010001a7c                busy_wait_ms
 .text.hardware_alarm_set_callback
                0x0000000010001aac       0x90 CMakeFiles/TMC2209.dir/home/prlx/pico/pico-sdk/src/rp2_common/hardware_timer/timer.c.obj
                0x0000000010001aac                hardware_alarm_set_callback
 .text.hardware_alarm_set_target
                0x0000000010001b3c       0xe8 CMakeFiles/TMC2209.dir/home/prlx/pico/pico-sdk/src/rp2_common/hardware_timer/timer.c.obj
                0x0000000010001b3c                hardware_alarm_set_target
 .text.hardware_alarm_cancel
                0x0000000010001c24       0x40 CMakeFiles/TMC2209.dir/home/prlx/pico/pico-sdk/src/rp2_common/hardware_timer/timer.c.obj
                0x0000000010001c24                hardware_alarm_cancel
 .text.ph_add_child_node
                0x0000000010001c64       0xa4 CMakeFiles/TMC2209.dir/home/prlx/pico/pico-sdk/src/common/pico_util/pheap.c.obj
 .text.ph_merge_nodes
                0x0000000010001d08       0x3e CMakeFiles/TMC2209.dir/home/prlx/pico/pico-sdk/src/common/pico_util/pheap.c.obj
 *fill*         0x0000000010001d46        0x2 
 .text.ph_clear
                0x0000000010001d48       0x70 CMakeFiles/TMC2209.dir/home/prlx/pico/pico-sdk/src/common/pico_util/pheap.c.obj
                0x0000000010001d48                ph_clear
 .text.ph_post_alloc_init
                0x0000000010001db8        0xe CMakeFiles/TMC2209.dir/home/prlx/pico/pico-sdk/src/common/pico_util/pheap.c.obj
                0x0000000010001db8                ph_post_alloc_init
 *fill*         0x0000000010001dc6        0x2 
 .text.ph_merge_two_pass
                0x0000000010001dc8       0xa8 CMakeFiles/TMC2209.dir/home/prlx/pico/pico-sdk/src/common/pico_util/pheap.c.obj
                0x0000000010001dc8                ph_merge_two_pass
 .text.ph_remove_any_head
                0x0000000010001e70      0x128 CMakeFiles/TMC2209.dir/home/prlx/pico/pico-sdk/src/common/pico_util/pheap.c.obj
 .text.ph_remove_head
                0x0000000010001f98       0x14 CMakeFiles/TMC2209.dir/home/prlx/pico/pico-sdk/src/common/pico_util/pheap.c.obj
                0x0000000010001f98                ph_remove_head
 .text.ph_remove_and_free_node
                0x0000000010001fac       0xf8 CMakeFiles/TMC2209.dir/home/prlx/pico/pico-sdk/src/common/pico_util/pheap.c.obj
                0x0000000010001fac                ph_remove_and_free_node
 .text.uart_disable_before_lcr_write
                0x00000000100020a4       0x48 CMakeFiles/TMC2209.dir/home/prlx/pico/pico-sdk/src/rp2_common/hardware_uart/uart.c.obj
 .text.uart_write_lcr_bits_masked
                0x00000000100020ec       0x22 CMakeFiles/TMC2209.dir/home/prlx/pico/pico-sdk/src/rp2_common/hardware_uart/uart.c.obj
 *fill*         0x000000001000210e        0x2 
 .text.uart_set_baudrate
                0x0000000010002110       0x5c CMakeFiles/TMC2209.dir/home/prlx/pico/pico-sdk/src/rp2_common/hardware_uart/uart.c.obj
                0x0000000010002110                uart_set_baudrate
 .text.uart_set_format
                0x000000001000216c       0x2c CMakeFiles/TMC2209.dir/home/prlx/pico/pico-sdk/src/rp2_common/hardware_uart/uart.c.obj
                0x000000001000216c                uart_set_format
 .text.uart_set_fifo_enabled
                0x0000000010002198       0x10 CMakeFiles/TMC2209.dir/home/prlx/pico/pico-sdk/src/rp2_common/hardware_uart/uart.c.obj
                0x0000000010002198                uart_set_fifo_enabled
 .text.uart_set_translate_crlf
                0x00000000100021a8       0x28 CMakeFiles/TMC2209.dir/home/prlx/pico/pico-sdk/src/rp2_common/hardware_uart/uart.c.obj
                0x00000000100021a8                uart_set_translate_crlf
 .text.uart_init
                0x00000000100021d0       0x80 CMakeFiles/TMC2209.dir/home/prlx/pico/pico-sdk/src/rp2_common/hardware_uart/uart.c.obj
                0x00000000100021d0                uart_init
 .text.clock_configure
                0x0000000010002250      0x108 CMakeFiles/TMC2209.dir/home/prlx/pico/pico-sdk/src/rp2_common/hardware_clocks/clocks.c.obj
                0x0000000010002250                clock_configure
 .text.clocks_init
                0x0000000010002358      0x100 CMakeFiles/TMC2209.dir/home/prlx/pico/pico-sdk/src/rp2_common/hardware_clocks/clocks.c.obj
                0x0000000010002358                clocks_init
 .text.clock_get_hz
                0x0000000010002458        0xc CMakeFiles/TMC2209.dir/home/prlx/pico/pico-sdk/src/rp2_common/hardware_clocks/clocks.c.obj
                0x0000000010002458                clock_get_hz
 .text.pll_init
                0x0000000010002464      0x120 CMakeFiles/TMC2209.dir/home/prlx/pico/pico-sdk/src/rp2_common/hardware_pll/pll.c.obj
                0x0000000010002464                pll_init
 .text.watchdog_start_tick
                0x0000000010002584       0x10 CMakeFiles/TMC2209.dir/home/prlx/pico/pico-sdk/src/rp2_common/hardware_watchdog/watchdog.c.obj
                0x0000000010002584                watchdog_start_tick
 .text.watchdog_update
                0x0000000010002594       0x14 CMakeFiles/TMC2209.dir/home/prlx/pico/pico-sdk/src/rp2_common/hardware_watchdog/watchdog.c.obj
                0x0000000010002594                watchdog_update
 .text._watchdog_enable
                0x00000000100025a8       0x78 CMakeFiles/TMC2209.dir/home/prlx/pico/pico-sdk/src/rp2_common/hardware_watchdog/watchdog.c.obj
                0x00000000100025a8                _watchdog_enable
 .text.watchdog_reboot
                0x0000000010002620       0x48 CMakeFiles/TMC2209.dir/home/prlx/pico/pico-sdk/src/rp2_common/hardware_watchdog/watchdog.c.obj
                0x0000000010002620                watchdog_reboot
 .text.xosc_init
                0x0000000010002668       0x28 CMakeFiles/TMC2209.dir/home/prlx/pico/pico-sdk/src/rp2_common/hardware_xosc/xosc.c.obj
                0x0000000010002668                xosc_init
 .text._exit    0x0000000010002690        0x4 CMakeFiles/TMC2209.dir/home/prlx/pico/pico-sdk/src/rp2_common/pico_runtime/runtime.c.obj
                0x0000000010002690                _exit
 .text.exit     0x0000000010002694        0x6 CMakeFiles/TMC2209.dir/home/prlx/pico/pico-sdk/src/rp2_common/pico_runtime/runtime.c.obj
                0x0000000010002694                exit
 *fill*         0x000000001000269a        0x2 
 .text.__assert_func
                0x000000001000269c       0x3c CMakeFiles/TMC2209.dir/home/prlx/pico/pico-sdk/src/rp2_common/pico_runtime/runtime.c.obj
                0x000000001000269c                __assert_func
 .text.runtime_init
                0x00000000100026d8       0xf8 CMakeFiles/TMC2209.dir/home/prlx/pico/pico-sdk/src/rp2_common/pico_runtime/runtime.c.obj
                0x00000000100026d8                runtime_init
 .text.panic    0x00000000100027d0       0x30 CMakeFiles/TMC2209.dir/home/prlx/pico/pico-sdk/src/rp2_common/pico_runtime/runtime.c.obj
                0x00000000100027d0                panic
 .text._out_null
                0x0000000010002800        0x2 CMakeFiles/TMC2209.dir/home/prlx/pico/pico-sdk/src/rp2_common/pico_printf/printf.c.obj
 .text._out_fct
                0x0000000010002802        0xe CMakeFiles/TMC2209.dir/home/prlx/pico/pico-sdk/src/rp2_common/pico_printf/printf.c.obj
 .text._atoi    0x0000000010002810       0x24 CMakeFiles/TMC2209.dir/home/prlx/pico/pico-sdk/src/rp2_common/pico_printf/printf.c.obj
 .text._out_rev
                0x0000000010002834       0xae CMakeFiles/TMC2209.dir/home/prlx/pico/pico-sdk/src/rp2_common/pico_printf/printf.c.obj
 .text._ntoa_format
                0x00000000100028e2      0x112 CMakeFiles/TMC2209.dir/home/prlx/pico/pico-sdk/src/rp2_common/pico_printf/printf.c.obj
 .text._ntoa_long
                0x00000000100029f4       0xbc CMakeFiles/TMC2209.dir/home/prlx/pico/pico-sdk/src/rp2_common/pico_printf/printf.c.obj
 .text._ntoa_long_long
                0x0000000010002ab0       0xe2 CMakeFiles/TMC2209.dir/home/prlx/pico/pico-sdk/src/rp2_common/pico_printf/printf.c.obj
 *fill*         0x0000000010002b92        0x2 
 .text._etoa    0x0000000010002b94      0x414 CMakeFiles/TMC2209.dir/home/prlx/pico/pico-sdk/src/rp2_common/pico_printf/printf.c.obj
 .text._ftoa    0x0000000010002fa8      0x354 CMakeFiles/TMC2209.dir/home/prlx/pico/pico-sdk/src/rp2_common/pico_printf/printf.c.obj
 .text._vsnprintf
                0x00000000100032fc      0x624 CMakeFiles/TMC2209.dir/home/prlx/pico/pico-sdk/src/rp2_common/pico_printf/printf.c.obj
 .text.vfctprintf
                0x0000000010003920       0x20 CMakeFiles/TMC2209.dir/home/prlx/pico/pico-sdk/src/rp2_common/pico_printf/printf.c.obj
                0x0000000010003920                vfctprintf
 .text          0x0000000010003940       0x10 CMakeFiles/TMC2209.dir/home/prlx/pico/pico-sdk/src/rp2_common/pico_bit_ops/bit_ops_aeabi.S.obj
 .text.rom_func_lookup
                0x0000000010003950       0x10 CMakeFiles/TMC2209.dir/home/prlx/pico/pico-sdk/src/rp2_common/pico_bootrom/bootrom.c.obj
                0x0000000010003950                rom_func_lookup
 .text.rom_data_lookup
                0x0000000010003960       0x10 CMakeFiles/TMC2209.dir/home/prlx/pico/pico-sdk/src/rp2_common/pico_bootrom/bootrom.c.obj
                0x0000000010003960                rom_data_lookup
 .text.rom_funcs_lookup
                0x0000000010003970       0x36 CMakeFiles/TMC2209.dir/home/prlx/pico/pico-sdk/src/rp2_common/pico_bootrom/bootrom.c.obj
                0x0000000010003970                rom_funcs_lookup
 *fill*         0x00000000100039a6        0x2 
 .text.__wrap___aeabi_idiv
                0x00000000100039a8       0x50 CMakeFiles/TMC2209.dir/home/prlx/pico/pico-sdk/src/rp2_common/pico_divider/divider.S.obj
                0x00000000100039a8                __wrap___aeabi_idivmod
                0x00000000100039a8                divmod_s32s32
                0x00000000100039a8                div_s32s32
                0x00000000100039a8                __wrap___aeabi_idiv
                0x00000000100039b0                divmod_s32s32_unsafe
                0x00000000100039dc                divmod_s32s32_savestate
 .text.__wrap___aeabi_uidiv
                0x00000000100039f8       0x4c CMakeFiles/TMC2209.dir/home/prlx/pico/pico-sdk/src/rp2_common/pico_divider/divider.S.obj
                0x00000000100039f8                __wrap___aeabi_uidiv
                0x00000000100039f8                __wrap___aeabi_uidivmod
                0x00000000100039f8                div_u32u32
                0x00000000100039f8                divmod_u32u32
                0x0000000010003a00                divmod_u32u32_unsafe
                0x0000000010003a28                divmod_u32u32_savestate
 .text.__wrap___aeabi_ldiv
                0x0000000010003a44      0x424 CMakeFiles/TMC2209.dir/home/prlx/pico/pico-sdk/src/rp2_common/pico_divider/divider.S.obj
                0x0000000010003a44                div_s64s64
                0x0000000010003a44                divmod_s64s64
                0x0000000010003a44                __wrap___aeabi_ldivmod
                0x0000000010003a74                div_u64u64
                0x0000000010003a74                divmod_u64u64
                0x0000000010003a74                __wrap___aeabi_uldivmod
                0x0000000010003a84                divmod_u64u64_savestate
                0x0000000010003aa4                divmod_s64s64_unsafe
                0x0000000010003b2c                divmod_u64u64_unsafe
 .text.__wrap___aeabi_darithmetic
                0x0000000010003e68       0x80 CMakeFiles/TMC2209.dir/home/prlx/pico/pico-sdk/src/rp2_common/pico_double/double_aeabi.S.obj
                0x0000000010003e68                __wrap___aeabi_drsub
                0x0000000010003e6e                __wrap___aeabi_dsub
                0x0000000010003e80                __wrap___aeabi_dadd
                0x0000000010003e92                __wrap___aeabi_ddiv
                0x0000000010003ece                __wrap___aeabi_dmul
 .text.__wrap___aeabi_cdcmple
                0x0000000010003ee8       0x6c CMakeFiles/TMC2209.dir/home/prlx/pico/pico-sdk/src/rp2_common/pico_double/double_aeabi.S.obj
                0x0000000010003ee8                __wrap___aeabi_cdrcmple
                0x0000000010003ef8                __wrap___aeabi_cdcmple
                0x0000000010003ef8                __wrap___aeabi_cdcmpeq
 .text.__wrap___aeabi_dcmplt
                0x0000000010003f54        0xc CMakeFiles/TMC2209.dir/home/prlx/pico/pico-sdk/src/rp2_common/pico_double/double_aeabi.S.obj
                0x0000000010003f54                __wrap___aeabi_dcmplt
 .text.__wrap___aeabi_dcmple
                0x0000000010003f60       0x10 CMakeFiles/TMC2209.dir/home/prlx/pico/pico-sdk/src/rp2_common/pico_double/double_aeabi.S.obj
                0x0000000010003f60                __wrap___aeabi_dcmple
 .text.__wrap___aeabi_dcmpge
                0x0000000010003f70       0x10 CMakeFiles/TMC2209.dir/home/prlx/pico/pico-sdk/src/rp2_common/pico_double/double_aeabi.S.obj
                0x0000000010003f70                __wrap___aeabi_dcmpge
 .text.__wrap___aeabi_dcmpgt
                0x0000000010003f80        0xa CMakeFiles/TMC2209.dir/home/prlx/pico/pico-sdk/src/rp2_common/pico_double/double_aeabi.S.obj
                0x0000000010003f80                __wrap___aeabi_dcmpgt
 .text.__wrap___aeabi_dcmpun
                0x0000000010003f8a       0x1c CMakeFiles/TMC2209.dir/home/prlx/pico/pico-sdk/src/rp2_common/pico_double/double_aeabi.S.obj
                0x0000000010003f8a                __wrap___aeabi_dcmpun
 *fill*         0x0000000010003fa6        0x2 
 .text.__wrap___aeabi_i2d
                0x0000000010003fa8       0x38 CMakeFiles/TMC2209.dir/home/prlx/pico/pico-sdk/src/rp2_common/pico_double/double_aeabi.S.obj
                0x0000000010003fa8                __wrap___aeabi_ui2d
                0x0000000010003fb0                __wrap___aeabi_i2d
 .text.__wrap___aeabi_d2iz
                0x0000000010003fe0       0x48 CMakeFiles/TMC2209.dir/home/prlx/pico/pico-sdk/src/rp2_common/pico_double/double_aeabi.S.obj
                0x0000000010003fe0                __wrap___aeabi_d2iz
                0x0000000010003fe0                double2int_z
 .text.__wrap___aeabi_d2uiz
                0x0000000010004028       0x18 CMakeFiles/TMC2209.dir/home/prlx/pico/pico-sdk/src/rp2_common/pico_double/double_aeabi.S.obj
                0x0000000010004028                double2uint
                0x0000000010004028                __wrap___aeabi_d2uiz
 .text.__aeabi_double_init
                0x0000000010004040       0xc8 CMakeFiles/TMC2209.dir/home/prlx/pico/pico-sdk/src/rp2_common/pico_double/double_init_rom.c.obj
                0x0000000010004040                __aeabi_double_init
 .text.double_table_shim_on_use_helper
                0x0000000010004108       0x34 CMakeFiles/TMC2209.dir/home/prlx/pico/pico-sdk/src/rp2_common/pico_double/double_v1_rom_shim.S.obj
                0x0000000010004108                double_table_shim_on_use_helper
 .text.__wrap___aeabi_dsub
                0x000000001000413c       0x10 CMakeFiles/TMC2209.dir/home/prlx/pico/pico-sdk/src/rp2_common/pico_double/double_v1_rom_shim.S.obj
                0x000000001000413c                drsub_shim
                0x0000000010004142                dsub_shim
 .text.dadd_shim
                0x000000001000414c      0x15c CMakeFiles/TMC2209.dir/home/prlx/pico/pico-sdk/src/rp2_common/pico_double/double_v1_rom_shim.S.obj
                0x000000001000414c                dadd_shim
 .text.dmul_shim
                0x00000000100042a8      0x15c CMakeFiles/TMC2209.dir/home/prlx/pico/pico-sdk/src/rp2_common/pico_double/double_v1_rom_shim.S.obj
                0x00000000100042a8                dmul_shim
 .text.ddiv_shim
                0x0000000010004404      0x1b0 CMakeFiles/TMC2209.dir/home/prlx/pico/pico-sdk/src/rp2_common/pico_double/double_v1_rom_shim.S.obj
                0x0000000010004404                ddiv_shim
 .text.double2uint_shim
                0x00000000100045b4        0xe CMakeFiles/TMC2209.dir/home/prlx/pico/pico-sdk/src/rp2_common/pico_double/double_v1_rom_shim.S.obj
                0x00000000100045b4                double2uint_shim
                0x00000000100045b6                double2ufix_shim
 *fill*         0x00000000100045c2        0x2 
 .text.double2uint64_shim
                0x00000000100045c4       0x70 CMakeFiles/TMC2209.dir/home/prlx/pico/pico-sdk/src/rp2_common/pico_double/double_v1_rom_shim.S.obj
                0x00000000100045c4                double2uint64_shim
                0x00000000100045c6                double2ufix64_shim
                0x00000000100045e6                d2fix_a
 .text.dunpacks
                0x0000000010004634       0x3c CMakeFiles/TMC2209.dir/home/prlx/pico/pico-sdk/src/rp2_common/pico_double/double_v1_rom_shim.S.obj
                0x0000000010004634                dunpacks
 .text.__aeabi_lmul
                0x0000000010004670       0x32 CMakeFiles/TMC2209.dir/home/prlx/pico/pico-sdk/src/rp2_common/pico_int64_ops/pico_int64_ops_aeabi.S.obj
                0x0000000010004670                __wrap___aeabi_lmul
 *fill*         0x00000000100046a2        0x2 
 .text.__aeabi_float_init
                0x00000000100046a4       0xfc CMakeFiles/TMC2209.dir/home/prlx/pico/pico-sdk/src/rp2_common/pico_float/float_init_rom.c.obj
                0x00000000100046a4                __aeabi_float_init
 .text.float_table_shim_on_use_helper
                0x00000000100047a0       0x34 CMakeFiles/TMC2209.dir/home/prlx/pico/pico-sdk/src/rp2_common/pico_float/float_v1_rom_shim.S.obj
                0x00000000100047a0                float_table_shim_on_use_helper
 .text          0x00000000100047d4       0x10 CMakeFiles/TMC2209.dir/home/prlx/pico/pico-sdk/src/rp2_common/pico_mem_ops/mem_ops_aeabi.S.obj
                0x00000000100047d4                __aeabi_mem_init
 .text.memset   0x00000000100047e4        0xc CMakeFiles/TMC2209.dir/home/prlx/pico/pico-sdk/src/rp2_common/pico_mem_ops/mem_ops_aeabi.S.obj
                0x00000000100047e4                __wrap_memset
 .text.memcpy   0x00000000100047f0        0xc CMakeFiles/TMC2209.dir/home/prlx/pico/pico-sdk/src/rp2_common/pico_mem_ops/mem_ops_aeabi.S.obj
                0x00000000100047f0                __wrap___aeabi_memcpy
                0x00000000100047f0                __wrap_memcpy
 .text.stdio_out_chars_no_crlf
                0x00000000100047fc        0xe CMakeFiles/TMC2209.dir/home/prlx/pico/pico-sdk/src/rp2_common/pico_stdio/stdio.c.obj
 *fill*         0x000000001000480a        0x2 
 .text.stdio_out_chars_crlf
                0x000000001000480c       0x80 CMakeFiles/TMC2209.dir/home/prlx/pico/pico-sdk/src/rp2_common/pico_stdio/stdio.c.obj
 .text.stdio_stack_buffer_flush
                0x000000001000488c       0x44 CMakeFiles/TMC2209.dir/home/prlx/pico/pico-sdk/src/rp2_common/pico_stdio/stdio.c.obj
 .text.stdio_buffered_printer
                0x00000000100048d0       0x20 CMakeFiles/TMC2209.dir/home/prlx/pico/pico-sdk/src/rp2_common/pico_stdio/stdio.c.obj
 .text.stdout_serialize_begin
                0x00000000100048f0       0x5c CMakeFiles/TMC2209.dir/home/prlx/pico/pico-sdk/src/rp2_common/pico_stdio/stdio.c.obj
                0x00000000100048f0                stdout_serialize_begin
 .text.stdout_serialize_end
                0x000000001000494c       0x10 CMakeFiles/TMC2209.dir/home/prlx/pico/pico-sdk/src/rp2_common/pico_stdio/stdio.c.obj
                0x000000001000494c                stdout_serialize_end
 .text.stdio_put_string
                0x000000001000495c       0x98 CMakeFiles/TMC2209.dir/home/prlx/pico/pico-sdk/src/rp2_common/pico_stdio/stdio.c.obj
 .text.stdio_set_driver_enabled
                0x00000000100049f4       0x2c CMakeFiles/TMC2209.dir/home/prlx/pico/pico-sdk/src/rp2_common/pico_stdio/stdio.c.obj
                0x00000000100049f4                stdio_set_driver_enabled
 .text.stdio_flush
                0x0000000010004a20       0x20 CMakeFiles/TMC2209.dir/home/prlx/pico/pico-sdk/src/rp2_common/pico_stdio/stdio.c.obj
                0x0000000010004a20                stdio_flush
 .text.__wrap_puts
                0x0000000010004a40       0x1e CMakeFiles/TMC2209.dir/home/prlx/pico/pico-sdk/src/rp2_common/pico_stdio/stdio.c.obj
                0x0000000010004a40                __wrap_puts
 *fill*         0x0000000010004a5e        0x2 
 .text.__wrap_vprintf
                0x0000000010004a60       0x40 CMakeFiles/TMC2209.dir/home/prlx/pico/pico-sdk/src/rp2_common/pico_stdio/stdio.c.obj
                0x0000000010004a60                __wrap_vprintf
 .text.__wrap_printf
                0x0000000010004aa0       0x18 CMakeFiles/TMC2209.dir/home/prlx/pico/pico-sdk/src/rp2_common/pico_stdio/stdio.c.obj
                0x0000000010004aa0                __wrap_printf
 .text.stdio_init_all
                0x0000000010004ab8        0xe CMakeFiles/TMC2209.dir/home/prlx/pico/pico-sdk/src/rp2_common/pico_stdio/stdio.c.obj
                0x0000000010004ab8                stdio_init_all
 *fill*         0x0000000010004ac6        0x2 
 .text.stdio_uart_out_chars
                0x0000000010004ac8       0x74 CMakeFiles/TMC2209.dir/home/prlx/pico/pico-sdk/src/rp2_common/pico_stdio_uart/stdio_uart.c.obj
 .text.stdio_uart_in_chars
                0x0000000010004b3c       0x80 CMakeFiles/TMC2209.dir/home/prlx/pico/pico-sdk/src/rp2_common/pico_stdio_uart/stdio_uart.c.obj
                0x0000000010004b3c                stdio_uart_in_chars
 .text.on_uart_rx
                0x0000000010004bbc       0x28 CMakeFiles/TMC2209.dir/home/prlx/pico/pico-sdk/src/rp2_common/pico_stdio_uart/stdio_uart.c.obj
 .text.stdio_uart_set_chars_available_callback
                0x0000000010004be4       0x8c CMakeFiles/TMC2209.dir/home/prlx/pico/pico-sdk/src/rp2_common/pico_stdio_uart/stdio_uart.c.obj
 .text.stdio_uart_init_full
                0x0000000010004c70       0x44 CMakeFiles/TMC2209.dir/home/prlx/pico/pico-sdk/src/rp2_common/pico_stdio_uart/stdio_uart.c.obj
                0x0000000010004c70                stdio_uart_init_full
 .text.stdio_uart_init
                0x0000000010004cb4       0x28 CMakeFiles/TMC2209.dir/home/prlx/pico/pico-sdk/src/rp2_common/pico_stdio_uart/stdio_uart.c.obj
                0x0000000010004cb4                stdio_uart_init
 .text.resetd_init
                0x0000000010004cdc        0x2 CMakeFiles/TMC2209.dir/home/prlx/pico/pico-sdk/src/rp2_common/pico_stdio_usb/reset_interface.c.obj
 *fill*         0x0000000010004cde        0x2 
 .text.resetd_reset
                0x0000000010004ce0        0xc CMakeFiles/TMC2209.dir/home/prlx/pico/pico-sdk/src/rp2_common/pico_stdio_usb/reset_interface.c.obj
 .text.resetd_open
                0x0000000010004cec       0x34 CMakeFiles/TMC2209.dir/home/prlx/pico/pico-sdk/src/rp2_common/pico_stdio_usb/reset_interface.c.obj
 .text.resetd_xfer_cb
                0x0000000010004d20        0x4 CMakeFiles/TMC2209.dir/home/prlx/pico/pico-sdk/src/rp2_common/pico_stdio_usb/reset_interface.c.obj
 .text.reset_usb_boot
                0x0000000010004d24       0x18 CMakeFiles/TMC2209.dir/home/prlx/pico/pico-sdk/src/rp2_common/pico_stdio_usb/reset_interface.c.obj
 .text.resetd_control_xfer_cb
                0x0000000010004d3c       0x5c CMakeFiles/TMC2209.dir/home/prlx/pico/pico-sdk/src/rp2_common/pico_stdio_usb/reset_interface.c.obj
 .text.usbd_app_driver_get_cb
                0x0000000010004d98        0xc CMakeFiles/TMC2209.dir/home/prlx/pico/pico-sdk/src/rp2_common/pico_stdio_usb/reset_interface.c.obj
                0x0000000010004d98                usbd_app_driver_get_cb
 .text.tud_cdc_line_coding_cb
                0x0000000010004da4       0x28 CMakeFiles/TMC2209.dir/home/prlx/pico/pico-sdk/src/rp2_common/pico_stdio_usb/reset_interface.c.obj
                0x0000000010004da4                tud_cdc_line_coding_cb
 .text.stdio_usb_set_chars_available_callback
                0x0000000010004dcc       0x14 CMakeFiles/TMC2209.dir/home/prlx/pico/pico-sdk/src/rp2_common/pico_stdio_usb/stdio_usb.c.obj
                0x0000000010004dcc                stdio_usb_set_chars_available_callback
 .text.usb_irq  0x0000000010004de0       0x10 CMakeFiles/TMC2209.dir/home/prlx/pico/pico-sdk/src/rp2_common/pico_stdio_usb/stdio_usb.c.obj
 .text.timer_task
                0x0000000010004df0       0x5c CMakeFiles/TMC2209.dir/home/prlx/pico/pico-sdk/src/rp2_common/pico_stdio_usb/stdio_usb.c.obj
 .text.low_priority_worker_irq
                0x0000000010004e4c       0xdc CMakeFiles/TMC2209.dir/home/prlx/pico/pico-sdk/src/rp2_common/pico_stdio_usb/stdio_usb.c.obj
 .text.tud_cdc_rx_cb
                0x0000000010004f28       0x20 CMakeFiles/TMC2209.dir/home/prlx/pico/pico-sdk/src/rp2_common/pico_stdio_usb/stdio_usb.c.obj
                0x0000000010004f28                tud_cdc_rx_cb
 .text.stdio_usb_init
                0x0000000010004f48      0x11c CMakeFiles/TMC2209.dir/home/prlx/pico/pico-sdk/src/rp2_common/pico_stdio_usb/stdio_usb.c.obj
                0x0000000010004f48                stdio_usb_init
 .text.stdio_usb_connected
                0x0000000010005064        0xa CMakeFiles/TMC2209.dir/home/prlx/pico/pico-sdk/src/rp2_common/pico_stdio_usb/stdio_usb.c.obj
                0x0000000010005064                stdio_usb_connected
 *fill*         0x000000001000506e        0x2 
 .text.stdio_usb_in_chars
                0x0000000010005070       0xc4 CMakeFiles/TMC2209.dir/home/prlx/pico/pico-sdk/src/rp2_common/pico_stdio_usb/stdio_usb.c.obj
                0x0000000010005070                stdio_usb_in_chars
 .text.stdio_usb_out_chars
                0x0000000010005134      0x114 CMakeFiles/TMC2209.dir/home/prlx/pico/pico-sdk/src/rp2_common/pico_stdio_usb/stdio_usb.c.obj
 .text.tud_descriptor_device_cb
                0x0000000010005248        0x8 CMakeFiles/TMC2209.dir/home/prlx/pico/pico-sdk/src/rp2_common/pico_stdio_usb/stdio_usb_descriptors.c.obj
                0x0000000010005248                tud_descriptor_device_cb
 .text.tud_descriptor_configuration_cb
                0x0000000010005250        0x8 CMakeFiles/TMC2209.dir/home/prlx/pico/pico-sdk/src/rp2_common/pico_stdio_usb/stdio_usb_descriptors.c.obj
                0x0000000010005250                tud_descriptor_configuration_cb
 .text.tud_descriptor_string_cb
                0x0000000010005258       0x6c CMakeFiles/TMC2209.dir/home/prlx/pico/pico-sdk/src/rp2_common/pico_stdio_usb/stdio_usb_descriptors.c.obj
                0x0000000010005258                tud_descriptor_string_cb
 .text._retrieve_unique_id_on_boot
                0x00000000100052c4       0x10 CMakeFiles/TMC2209.dir/home/prlx/pico/pico-sdk/src/rp2_common/pico_unique_id/unique_id.c.obj
 .text.pico_get_unique_board_id_string
                0x00000000100052d4       0x60 CMakeFiles/TMC2209.dir/home/prlx/pico/pico-sdk/src/rp2_common/pico_unique_id/unique_id.c.obj
                0x00000000100052d4                pico_get_unique_board_id_string
 .text.flash_get_unique_id
                0x0000000010005334       0x46 CMakeFiles/TMC2209.dir/home/prlx/pico/pico-sdk/src/rp2_common/hardware_flash/flash.c.obj
                0x0000000010005334                flash_get_unique_id
 *fill*         0x000000001000537a        0x2 
 .text.hw_endpoint_get_by_addr
                0x000000001000537c       0x18 CMakeFiles/TMC2209.dir/home/prlx/pico/pico-sdk/lib/tinyusb/src/portable/raspberrypi/rp2040/dcd_rp2040.c.obj
 .text._hw_endpoint_alloc
                0x0000000010005394       0x70 CMakeFiles/TMC2209.dir/home/prlx/pico/pico-sdk/lib/tinyusb/src/portable/raspberrypi/rp2040/dcd_rp2040.c.obj
 .text.hw_endpoint_init
                0x0000000010005404       0x88 CMakeFiles/TMC2209.dir/home/prlx/pico/pico-sdk/lib/tinyusb/src/portable/raspberrypi/rp2040/dcd_rp2040.c.obj
 .text.hw_endpoint_xfer
                0x000000001000548c       0x14 CMakeFiles/TMC2209.dir/home/prlx/pico/pico-sdk/lib/tinyusb/src/portable/raspberrypi/rp2040/dcd_rp2040.c.obj
 .text.dcd_int_enable
                0x00000000100054a0       0x2c CMakeFiles/TMC2209.dir/home/prlx/pico/pico-sdk/lib/tinyusb/src/portable/raspberrypi/rp2040/dcd_rp2040.c.obj
                0x00000000100054a0                dcd_int_enable
 .text.dcd_set_address
                0x00000000100054cc       0x2c CMakeFiles/TMC2209.dir/home/prlx/pico/pico-sdk/lib/tinyusb/src/portable/raspberrypi/rp2040/dcd_rp2040.c.obj
                0x00000000100054cc                dcd_set_address
 .text.dcd_connect
                0x00000000100054f8       0x10 CMakeFiles/TMC2209.dir/home/prlx/pico/pico-sdk/lib/tinyusb/src/portable/raspberrypi/rp2040/dcd_rp2040.c.obj
                0x00000000100054f8                dcd_connect
 .text.dcd_init
                0x0000000010005508       0x80 CMakeFiles/TMC2209.dir/home/prlx/pico/pico-sdk/lib/tinyusb/src/portable/raspberrypi/rp2040/dcd_rp2040.c.obj
                0x0000000010005508                dcd_init
 .text.dcd_edpt0_status_complete
                0x0000000010005588       0x1c CMakeFiles/TMC2209.dir/home/prlx/pico/pico-sdk/lib/tinyusb/src/portable/raspberrypi/rp2040/dcd_rp2040.c.obj
                0x0000000010005588                dcd_edpt0_status_complete
 .text.dcd_edpt_open
                0x00000000100055a4       0x40 CMakeFiles/TMC2209.dir/home/prlx/pico/pico-sdk/lib/tinyusb/src/portable/raspberrypi/rp2040/dcd_rp2040.c.obj
                0x00000000100055a4                dcd_edpt_open
 .text.dcd_edpt_close_all
                0x00000000100055e4        0x8 CMakeFiles/TMC2209.dir/home/prlx/pico/pico-sdk/lib/tinyusb/src/portable/raspberrypi/rp2040/dcd_rp2040.c.obj
                0x00000000100055e4                dcd_edpt_close_all
 .text.dcd_edpt_xfer
                0x00000000100055ec       0x34 CMakeFiles/TMC2209.dir/home/prlx/pico/pico-sdk/lib/tinyusb/src/portable/raspberrypi/rp2040/dcd_rp2040.c.obj
                0x00000000100055ec                dcd_edpt_xfer
 .text.dcd_edpt_stall
                0x0000000010005620       0x2c CMakeFiles/TMC2209.dir/home/prlx/pico/pico-sdk/lib/tinyusb/src/portable/raspberrypi/rp2040/dcd_rp2040.c.obj
                0x0000000010005620                dcd_edpt_stall
 .text.dcd_edpt_clear_stall
                0x000000001000564c       0x20 CMakeFiles/TMC2209.dir/home/prlx/pico/pico-sdk/lib/tinyusb/src/portable/raspberrypi/rp2040/dcd_rp2040.c.obj
                0x000000001000564c                dcd_edpt_clear_stall
 .text.rp2040_usb_init
                0x000000001000566c       0x4c CMakeFiles/TMC2209.dir/home/prlx/pico/pico-sdk/lib/tinyusb/src/portable/raspberrypi/rp2040/rp2040_usb.c.obj
                0x000000001000566c                rp2040_usb_init
 .text.hw_endpoint_xfer_start
                0x00000000100056b8       0x50 CMakeFiles/TMC2209.dir/home/prlx/pico/pico-sdk/lib/tinyusb/src/portable/raspberrypi/rp2040/rp2040_usb.c.obj
                0x00000000100056b8                hw_endpoint_xfer_start
 .text.configuration_reset
                0x0000000010005708       0x84 CMakeFiles/TMC2209.dir/home/prlx/pico/pico-sdk/lib/tinyusb/src/device/usbd.c.obj
 .text.usbd_reset
                0x000000001000578c        0xc CMakeFiles/TMC2209.dir/home/prlx/pico/pico-sdk/lib/tinyusb/src/device/usbd.c.obj
 .text.invoke_class_control
                0x0000000010005798       0x1a CMakeFiles/TMC2209.dir/home/prlx/pico/pico-sdk/lib/tinyusb/src/device/usbd.c.obj
 *fill*         0x00000000100057b2        0x2 
 .text.process_set_config
                0x00000000100057b4      0x178 CMakeFiles/TMC2209.dir/home/prlx/pico/pico-sdk/lib/tinyusb/src/device/usbd.c.obj
 .text.process_get_descriptor
                0x000000001000592c       0xdc CMakeFiles/TMC2209.dir/home/prlx/pico/pico-sdk/lib/tinyusb/src/device/usbd.c.obj
 .text.tud_mounted
                0x0000000010005a08       0x10 CMakeFiles/TMC2209.dir/home/prlx/pico/pico-sdk/lib/tinyusb/src/device/usbd.c.obj
                0x0000000010005a08                tud_mounted
 .text.tud_suspended
                0x0000000010005a18       0x10 CMakeFiles/TMC2209.dir/home/prlx/pico/pico-sdk/lib/tinyusb/src/device/usbd.c.obj
                0x0000000010005a18                tud_suspended
 .text.tud_inited
                0x0000000010005a28       0x14 CMakeFiles/TMC2209.dir/home/prlx/pico/pico-sdk/lib/tinyusb/src/device/usbd.c.obj
                0x0000000010005a28                tud_inited
 .text.tud_init
                0x0000000010005a3c       0xcc CMakeFiles/TMC2209.dir/home/prlx/pico/pico-sdk/lib/tinyusb/src/device/usbd.c.obj
                0x0000000010005a3c                tud_init
 .text.usbd_defer_func
                0x0000000010005b08       0x2a CMakeFiles/TMC2209.dir/home/prlx/pico/pico-sdk/lib/tinyusb/src/device/usbd.c.obj
                0x0000000010005b08                usbd_defer_func
 *fill*         0x0000000010005b32        0x2 
 .text.usbd_edpt_open
                0x0000000010005b34       0x34 CMakeFiles/TMC2209.dir/home/prlx/pico/pico-sdk/lib/tinyusb/src/device/usbd.c.obj
                0x0000000010005b34                usbd_edpt_open
 .text.usbd_open_edpt_pair
                0x0000000010005b68       0x62 CMakeFiles/TMC2209.dir/home/prlx/pico/pico-sdk/lib/tinyusb/src/device/usbd.c.obj
                0x0000000010005b68                usbd_open_edpt_pair
 *fill*         0x0000000010005bca        0x2 
 .text.usbd_edpt_claim
                0x0000000010005bcc       0x28 CMakeFiles/TMC2209.dir/home/prlx/pico/pico-sdk/lib/tinyusb/src/device/usbd.c.obj
                0x0000000010005bcc                usbd_edpt_claim
 .text.usbd_edpt_release
                0x0000000010005bf4       0x28 CMakeFiles/TMC2209.dir/home/prlx/pico/pico-sdk/lib/tinyusb/src/device/usbd.c.obj
                0x0000000010005bf4                usbd_edpt_release
 .text.usbd_edpt_xfer
                0x0000000010005c1c       0x78 CMakeFiles/TMC2209.dir/home/prlx/pico/pico-sdk/lib/tinyusb/src/device/usbd.c.obj
                0x0000000010005c1c                usbd_edpt_xfer
 .text.usbd_edpt_stall
                0x0000000010005c94       0x48 CMakeFiles/TMC2209.dir/home/prlx/pico/pico-sdk/lib/tinyusb/src/device/usbd.c.obj
                0x0000000010005c94                usbd_edpt_stall
 .text.usbd_edpt_clear_stall
                0x0000000010005cdc       0x48 CMakeFiles/TMC2209.dir/home/prlx/pico/pico-sdk/lib/tinyusb/src/device/usbd.c.obj
                0x0000000010005cdc                usbd_edpt_clear_stall
 .text.usbd_edpt_stalled
                0x0000000010005d24       0x1c CMakeFiles/TMC2209.dir/home/prlx/pico/pico-sdk/lib/tinyusb/src/device/usbd.c.obj
                0x0000000010005d24                usbd_edpt_stalled
 .text.process_control_request
                0x0000000010005d40      0x37c CMakeFiles/TMC2209.dir/home/prlx/pico/pico-sdk/lib/tinyusb/src/device/usbd.c.obj
 .text.tud_task_ext
                0x00000000100060bc      0x1b8 CMakeFiles/TMC2209.dir/home/prlx/pico/pico-sdk/lib/tinyusb/src/device/usbd.c.obj
                0x00000000100060bc                tud_task_ext
 .text._data_stage_xact
                0x0000000010006274       0x58 CMakeFiles/TMC2209.dir/home/prlx/pico/pico-sdk/lib/tinyusb/src/device/usbd_control.c.obj
 .text.tud_control_status
                0x00000000100062cc       0x38 CMakeFiles/TMC2209.dir/home/prlx/pico/pico-sdk/lib/tinyusb/src/device/usbd_control.c.obj
                0x00000000100062cc                tud_control_status
 .text.tud_control_xfer
                0x0000000010006304       0x74 CMakeFiles/TMC2209.dir/home/prlx/pico/pico-sdk/lib/tinyusb/src/device/usbd_control.c.obj
                0x0000000010006304                tud_control_xfer
 .text.usbd_control_reset
                0x0000000010006378       0x14 CMakeFiles/TMC2209.dir/home/prlx/pico/pico-sdk/lib/tinyusb/src/device/usbd_control.c.obj
                0x0000000010006378                usbd_control_reset
 .text.usbd_control_set_complete_callback
                0x000000001000638c        0xc CMakeFiles/TMC2209.dir/home/prlx/pico/pico-sdk/lib/tinyusb/src/device/usbd_control.c.obj
                0x000000001000638c                usbd_control_set_complete_callback
 .text.usbd_control_set_request
                0x0000000010006398       0x1c CMakeFiles/TMC2209.dir/home/prlx/pico/pico-sdk/lib/tinyusb/src/device/usbd_control.c.obj
                0x0000000010006398                usbd_control_set_request
 .text.usbd_control_xfer_cb
                0x00000000100063b4       0xcc CMakeFiles/TMC2209.dir/home/prlx/pico/pico-sdk/lib/tinyusb/src/device/usbd_control.c.obj
                0x00000000100063b4                usbd_control_xfer_cb
 .text._prep_out_transaction
                0x0000000010006480       0x4a CMakeFiles/TMC2209.dir/home/prlx/pico/pico-sdk/lib/tinyusb/src/class/cdc/cdc_device.c.obj
 *fill*         0x00000000100064ca        0x2 
 .text.tud_cdc_n_connected
                0x00000000100064cc       0x44 CMakeFiles/TMC2209.dir/home/prlx/pico/pico-sdk/lib/tinyusb/src/class/cdc/cdc_device.c.obj
                0x00000000100064cc                tud_cdc_n_connected
 .text.tud_cdc_n_available
                0x0000000010006510       0x18 CMakeFiles/TMC2209.dir/home/prlx/pico/pico-sdk/lib/tinyusb/src/class/cdc/cdc_device.c.obj
                0x0000000010006510                tud_cdc_n_available
 .text.tud_cdc_n_read
                0x0000000010006528       0x28 CMakeFiles/TMC2209.dir/home/prlx/pico/pico-sdk/lib/tinyusb/src/class/cdc/cdc_device.c.obj
                0x0000000010006528                tud_cdc_n_read
 .text.tud_cdc_n_write_flush
                0x0000000010006550       0xb8 CMakeFiles/TMC2209.dir/home/prlx/pico/pico-sdk/lib/tinyusb/src/class/cdc/cdc_device.c.obj
                0x0000000010006550                tud_cdc_n_write_flush
 .text.tud_cdc_n_write
                0x0000000010006608       0x38 CMakeFiles/TMC2209.dir/home/prlx/pico/pico-sdk/lib/tinyusb/src/class/cdc/cdc_device.c.obj
                0x0000000010006608                tud_cdc_n_write
 .text.tud_cdc_n_write_available
                0x0000000010006640       0x1c CMakeFiles/TMC2209.dir/home/prlx/pico/pico-sdk/lib/tinyusb/src/class/cdc/cdc_device.c.obj
                0x0000000010006640                tud_cdc_n_write_available
 .text.cdcd_init
                0x000000001000665c       0xbc CMakeFiles/TMC2209.dir/home/prlx/pico/pico-sdk/lib/tinyusb/src/class/cdc/cdc_device.c.obj
                0x000000001000665c                cdcd_init
 .text.cdcd_reset
                0x0000000010006718       0x44 CMakeFiles/TMC2209.dir/home/prlx/pico/pico-sdk/lib/tinyusb/src/class/cdc/cdc_device.c.obj
                0x0000000010006718                cdcd_reset
 .text.cdcd_open
                0x000000001000675c       0xcc CMakeFiles/TMC2209.dir/home/prlx/pico/pico-sdk/lib/tinyusb/src/class/cdc/cdc_device.c.obj
                0x000000001000675c                cdcd_open
 .text.cdcd_control_xfer_cb
                0x0000000010006828      0x134 CMakeFiles/TMC2209.dir/home/prlx/pico/pico-sdk/lib/tinyusb/src/class/cdc/cdc_device.c.obj
                0x0000000010006828                cdcd_control_xfer_cb
 .text.cdcd_xfer_cb
                0x000000001000695c      0x130 CMakeFiles/TMC2209.dir/home/prlx/pico/pico-sdk/lib/tinyusb/src/class/cdc/cdc_device.c.obj
                0x000000001000695c                cdcd_xfer_cb
 .text.tusb_init
                0x0000000010006a8c        0xa CMakeFiles/TMC2209.dir/home/prlx/pico/pico-sdk/lib/tinyusb/src/tusb.c.obj
                0x0000000010006a8c                tusb_init
 .text.tusb_inited
                0x0000000010006a96        0xe CMakeFiles/TMC2209.dir/home/prlx/pico/pico-sdk/lib/tinyusb/src/tusb.c.obj
                0x0000000010006a96                tusb_inited
 .text.tu_edpt_claim
                0x0000000010006aa4       0x50 CMakeFiles/TMC2209.dir/home/prlx/pico/pico-sdk/lib/tinyusb/src/tusb.c.obj
                0x0000000010006aa4                tu_edpt_claim
 .text.tu_edpt_release
                0x0000000010006af4       0x3c CMakeFiles/TMC2209.dir/home/prlx/pico/pico-sdk/lib/tinyusb/src/tusb.c.obj
                0x0000000010006af4                tu_edpt_release
 .text.tu_edpt_validate
                0x0000000010006b30       0x78 CMakeFiles/TMC2209.dir/home/prlx/pico/pico-sdk/lib/tinyusb/src/tusb.c.obj
                0x0000000010006b30                tu_edpt_validate
 .text.tu_edpt_bind_driver
                0x0000000010006ba8       0x26 CMakeFiles/TMC2209.dir/home/prlx/pico/pico-sdk/lib/tinyusb/src/tusb.c.obj
                0x0000000010006ba8                tu_edpt_bind_driver
 .text.advance_index
                0x0000000010006bce       0x1a CMakeFiles/TMC2209.dir/home/prlx/pico/pico-sdk/lib/tinyusb/src/common/tusb_fifo.c.obj
 .text._tu_fifo_peek
                0x0000000010006be8       0x56 CMakeFiles/TMC2209.dir/home/prlx/pico/pico-sdk/lib/tinyusb/src/common/tusb_fifo.c.obj
 .text._ff_pull_const_addr
                0x0000000010006c3e       0x4c CMakeFiles/TMC2209.dir/home/prlx/pico/pico-sdk/lib/tinyusb/src/common/tusb_fifo.c.obj
 .text._ff_pull_n
                0x0000000010006c8a      0x110 CMakeFiles/TMC2209.dir/home/prlx/pico/pico-sdk/lib/tinyusb/src/common/tusb_fifo.c.obj
 .text._tu_fifo_peek_n
                0x0000000010006d9a       0x6a CMakeFiles/TMC2209.dir/home/prlx/pico/pico-sdk/lib/tinyusb/src/common/tusb_fifo.c.obj
 .text._tu_fifo_read_n
                0x0000000010006e04       0x4e CMakeFiles/TMC2209.dir/home/prlx/pico/pico-sdk/lib/tinyusb/src/common/tusb_fifo.c.obj
 .text._ff_push_const_addr
                0x0000000010006e52       0x40 CMakeFiles/TMC2209.dir/home/prlx/pico/pico-sdk/lib/tinyusb/src/common/tusb_fifo.c.obj
 .text._ff_push_n
                0x0000000010006e92      0x10c CMakeFiles/TMC2209.dir/home/prlx/pico/pico-sdk/lib/tinyusb/src/common/tusb_fifo.c.obj
 .text._tu_fifo_write_n
                0x0000000010006f9e       0xf0 CMakeFiles/TMC2209.dir/home/prlx/pico/pico-sdk/lib/tinyusb/src/common/tusb_fifo.c.obj
 .text.tu_fifo_config
                0x000000001000708e       0x7c CMakeFiles/TMC2209.dir/home/prlx/pico/pico-sdk/lib/tinyusb/src/common/tusb_fifo.c.obj
                0x000000001000708e                tu_fifo_config
 .text.tu_fifo_count
                0x000000001000710a       0x2a CMakeFiles/TMC2209.dir/home/prlx/pico/pico-sdk/lib/tinyusb/src/common/tusb_fifo.c.obj
                0x000000001000710a                tu_fifo_count
 .text.tu_fifo_empty
                0x0000000010007134       0x10 CMakeFiles/TMC2209.dir/home/prlx/pico/pico-sdk/lib/tinyusb/src/common/tusb_fifo.c.obj
                0x0000000010007134                tu_fifo_empty
 .text.tu_fifo_full
                0x0000000010007144       0x28 CMakeFiles/TMC2209.dir/home/prlx/pico/pico-sdk/lib/tinyusb/src/common/tusb_fifo.c.obj
                0x0000000010007144                tu_fifo_full
 .text.tu_fifo_remaining
                0x000000001000716c       0x2c CMakeFiles/TMC2209.dir/home/prlx/pico/pico-sdk/lib/tinyusb/src/common/tusb_fifo.c.obj
                0x000000001000716c                tu_fifo_remaining
 .text.tu_fifo_read
                0x0000000010007198       0x42 CMakeFiles/TMC2209.dir/home/prlx/pico/pico-sdk/lib/tinyusb/src/common/tusb_fifo.c.obj
                0x0000000010007198                tu_fifo_read
 .text.tu_fifo_read_n
                0x00000000100071da        0xa CMakeFiles/TMC2209.dir/home/prlx/pico/pico-sdk/lib/tinyusb/src/common/tusb_fifo.c.obj
                0x00000000100071da                tu_fifo_read_n
 .text.tu_fifo_write
                0x00000000100071e4       0x64 CMakeFiles/TMC2209.dir/home/prlx/pico/pico-sdk/lib/tinyusb/src/common/tusb_fifo.c.obj
                0x00000000100071e4                tu_fifo_write
 .text.tu_fifo_write_n
                0x0000000010007248        0xa CMakeFiles/TMC2209.dir/home/prlx/pico/pico-sdk/lib/tinyusb/src/common/tusb_fifo.c.obj
                0x0000000010007248                tu_fifo_write_n
 .text.tu_fifo_clear
                0x0000000010007252       0x3e CMakeFiles/TMC2209.dir/home/prlx/pico/pico-sdk/lib/tinyusb/src/common/tusb_fifo.c.obj
                0x0000000010007252                tu_fifo_clear
 .text.tu_fifo_set_overwritable
                0x0000000010007290       0x46 CMakeFiles/TMC2209.dir/home/prlx/pico/pico-sdk/lib/tinyusb/src/common/tusb_fifo.c.obj
                0x0000000010007290                tu_fifo_set_overwritable
 *fill*         0x00000000100072d6        0x2 
 .text          0x00000000100072d8       0x5c /usr/lib/gcc/arm-none-eabi/10.3.1/../../../arm-none-eabi/lib/thumb/v6-m/nofp/libg.a(lib_a-strlen-stub.o)
                0x00000000100072d8                strlen
 *(.fini)
 .fini          0x0000000010007334        0x4 /usr/lib/gcc/arm-none-eabi/10.3.1/thumb/v6-m/nofp/crti.o
                0x0000000010007334                _fini
 .fini.__stub   0x0000000010007338       0xe0 linker stubs
 *crtbegin.o(.ctors)
 *crtbegin?.o(.ctors)
 *(EXCLUDE_FILE(*crtend.o *crtend?.o) .ctors)
 *(SORT_BY_NAME(.ctors.*))
 *(.ctors)
 *crtbegin.o(.dtors)
 *crtbegin?.o(.dtors)
 *(EXCLUDE_FILE(*crtend.o *crtend?.o) .dtors)
 *(SORT_BY_NAME(.dtors.*))
 *(.dtors)
 *(.eh_frame*)
 .eh_frame      0x0000000010007418        0x0 /usr/lib/gcc/arm-none-eabi/10.3.1/thumb/v6-m/nofp/crtbegin.o
                0x0000000010007418                . = ALIGN (0x4)

.glue_7         0x0000000010007418        0x0
 .glue_7        0x0000000010007418        0x0 linker stubs

.glue_7t        0x0000000010007418        0x0
 .glue_7t       0x0000000010007418        0x0 linker stubs

.vfp11_veneer   0x0000000010007418        0x0
 .vfp11_veneer  0x0000000010007418        0x0 linker stubs

.v4_bx          0x0000000010007418        0x0
 .v4_bx         0x0000000010007418        0x0 linker stubs

.iplt           0x0000000010007418        0x0
 .iplt          0x0000000010007418        0x0 /usr/lib/gcc/arm-none-eabi/10.3.1/thumb/v6-m/nofp/crtbegin.o

.rodata         0x0000000010007418     0x1580
 *(EXCLUDE_FILE(*libm.a: *libc.a:*lib_a-mem*.o *libgcc.a:) .rodata*)
 .rodata.linear_acc_control.str1.4
                0x0000000010007418        0x4 CMakeFiles/TMC2209.dir/TMC2209.c.obj
 .rodata.spin_lock_claim_unused.str1.4
                0x000000001000741c       0x1b CMakeFiles/TMC2209.dir/home/prlx/pico/pico-sdk/src/rp2_common/hardware_sync/sync.c.obj
 *fill*         0x0000000010007437        0x1 
 .rodata.make_branch.str1.4
                0x0000000010007438       0x6b CMakeFiles/TMC2209.dir/home/prlx/pico/pico-sdk/src/rp2_common/hardware_irq/irq.c.obj
 *fill*         0x00000000100074a3        0x1 
 .rodata.insert_branch_and_link.str1.4
                0x00000000100074a4       0x10 CMakeFiles/TMC2209.dir/home/prlx/pico/pico-sdk/src/rp2_common/hardware_irq/irq.c.obj
 .rodata.irq_set_exclusive_handler.str1.4
                0x00000000100074b4       0x36 CMakeFiles/TMC2209.dir/home/prlx/pico/pico-sdk/src/rp2_common/hardware_irq/irq.c.obj
 *fill*         0x00000000100074ea        0x2 
 .rodata.irq_add_shared_handler.str1.4
                0x00000000100074ec       0xd9 CMakeFiles/TMC2209.dir/home/prlx/pico/pico-sdk/src/rp2_common/hardware_irq/irq.c.obj
 *fill*         0x00000000100075c5        0x3 
 .rodata.irq_remove_handler.str1.4
                0x00000000100075c8       0x3a CMakeFiles/TMC2209.dir/home/prlx/pico/pico-sdk/src/rp2_common/hardware_irq/irq.c.obj
 *fill*         0x0000000010007602        0x2 
 .rodata.irq_add_tail_to_free_list.str1.4
                0x0000000010007604       0x3a CMakeFiles/TMC2209.dir/home/prlx/pico/pico-sdk/src/rp2_common/hardware_irq/irq.c.obj
 *fill*         0x000000001000763e        0x2 
 .rodata.user_irq_claim_unused.str1.4
                0x0000000010007640       0x1b CMakeFiles/TMC2209.dir/home/prlx/pico/pico-sdk/src/rp2_common/hardware_irq/irq.c.obj
 *fill*         0x000000001000765b        0x1 
 .rodata.__func__.0
                0x000000001000765c       0x1a CMakeFiles/TMC2209.dir/home/prlx/pico/pico-sdk/src/rp2_common/hardware_irq/irq.c.obj
 *fill*         0x0000000010007676        0x2 
 .rodata.__func__.1
                0x0000000010007678       0x17 CMakeFiles/TMC2209.dir/home/prlx/pico/pico-sdk/src/rp2_common/hardware_irq/irq.c.obj
 *fill*         0x000000001000768f        0x1 
 .rodata.__func__.2
                0x0000000010007690       0x13 CMakeFiles/TMC2209.dir/home/prlx/pico/pico-sdk/src/rp2_common/hardware_irq/irq.c.obj
 *fill*         0x00000000100076a3        0x1 
 .rodata.__func__.3
                0x00000000100076a4        0xc CMakeFiles/TMC2209.dir/home/prlx/pico/pico-sdk/src/rp2_common/hardware_irq/irq.c.obj
 .rodata.__func__.4
                0x00000000100076b0        0xf CMakeFiles/TMC2209.dir/home/prlx/pico/pico-sdk/src/rp2_common/hardware_irq/irq.c.obj
 *fill*         0x00000000100076bf        0x1 
 .rodata.__func__.5
                0x00000000100076c0       0x17 CMakeFiles/TMC2209.dir/home/prlx/pico/pico-sdk/src/rp2_common/hardware_irq/irq.c.obj
 *fill*         0x00000000100076d7        0x1 
 .rodata.__func__.6
                0x00000000100076d8       0x1a CMakeFiles/TMC2209.dir/home/prlx/pico/pico-sdk/src/rp2_common/hardware_irq/irq.c.obj
 *fill*         0x00000000100076f2        0x2 
 .rodata.str1.4
                0x00000000100076f4       0xe9 CMakeFiles/TMC2209.dir/home/prlx/pico/pico-sdk/src/common/pico_sync/mutex.c.obj
 *fill*         0x00000000100077dd        0x3 
 .rodata.__func__.1
                0x00000000100077e0        0xb CMakeFiles/TMC2209.dir/home/prlx/pico/pico-sdk/src/common/pico_sync/mutex.c.obj
 *fill*         0x00000000100077eb        0x1 
 .rodata.__func__.3
                0x00000000100077ec       0x18 CMakeFiles/TMC2209.dir/home/prlx/pico/pico-sdk/src/common/pico_sync/mutex.c.obj
 .rodata.__func__.4
                0x0000000010007804       0x15 CMakeFiles/TMC2209.dir/home/prlx/pico/pico-sdk/src/common/pico_sync/mutex.c.obj
 *fill*         0x0000000010007819        0x3 
 .rodata.repeating_timer_callback.str1.4
                0x000000001000781c       0x49 CMakeFiles/TMC2209.dir/home/prlx/pico/pico-sdk/src/common/pico_time/time.c.obj
 *fill*         0x0000000010007865        0x3 
 .rodata.timer_pool_entry_comparator.str1.4
                0x0000000010007868       0x22 CMakeFiles/TMC2209.dir/home/prlx/pico/pico-sdk/src/common/pico_time/time.c.obj
 *fill*         0x000000001000788a        0x2 
 .rodata.ph_add_child_node.str1.4
                0x000000001000788c       0x92 CMakeFiles/TMC2209.dir/home/prlx/pico/pico-sdk/src/common/pico_time/time.c.obj
 *fill*         0x000000001000791e        0x2 
 .rodata.add_alarm_under_lock.str1.4
                0x0000000010007920       0x28 CMakeFiles/TMC2209.dir/home/prlx/pico/pico-sdk/src/common/pico_time/time.c.obj
                                         0x2b (size before relaxing)
 .rodata.alarm_pool_alarm_callback.str1.4
                0x0000000010007948       0x98 CMakeFiles/TMC2209.dir/home/prlx/pico/pico-sdk/src/common/pico_time/time.c.obj
                                         0xf8 (size before relaxing)
 .rodata.alarm_pool_get_default.str1.4
                0x00000000100079e0       0x21 CMakeFiles/TMC2209.dir/home/prlx/pico/pico-sdk/src/common/pico_time/time.c.obj
 *fill*         0x0000000010007a01        0x3 
 .rodata.alarm_pool_cancel_alarm.str1.4
                0x0000000010007a04       0x27 CMakeFiles/TMC2209.dir/home/prlx/pico/pico-sdk/src/common/pico_time/time.c.obj
 *fill*         0x0000000010007a2b        0x1 
 .rodata.sleep_until.str1.4
                0x0000000010007a2c       0x4d CMakeFiles/TMC2209.dir/home/prlx/pico/pico-sdk/src/common/pico_time/time.c.obj
 *fill*         0x0000000010007a79        0x3 
 .rodata.__func__.1
                0x0000000010007a7c       0x18 CMakeFiles/TMC2209.dir/home/prlx/pico/pico-sdk/src/common/pico_time/time.c.obj
 .rodata.__func__.10
                0x0000000010007a94       0x15 CMakeFiles/TMC2209.dir/home/prlx/pico/pico-sdk/src/common/pico_time/time.c.obj
 *fill*         0x0000000010007aa9        0x3 
 .rodata.__func__.11
                0x0000000010007aac       0x1a CMakeFiles/TMC2209.dir/home/prlx/pico/pico-sdk/src/common/pico_time/time.c.obj
 *fill*         0x0000000010007ac6        0x2 
 .rodata.__func__.12
                0x0000000010007ac8        0xa CMakeFiles/TMC2209.dir/home/prlx/pico/pico-sdk/src/common/pico_time/time.c.obj
 *fill*         0x0000000010007ad2        0x2 
 .rodata.__func__.3
                0x0000000010007ad4       0x17 CMakeFiles/TMC2209.dir/home/prlx/pico/pico-sdk/src/common/pico_time/time.c.obj
 *fill*         0x0000000010007aeb        0x1 
 .rodata.__func__.4
                0x0000000010007aec       0x12 CMakeFiles/TMC2209.dir/home/prlx/pico/pico-sdk/src/common/pico_time/time.c.obj
 *fill*         0x0000000010007afe        0x2 
 .rodata.__func__.5
                0x0000000010007b00        0xd CMakeFiles/TMC2209.dir/home/prlx/pico/pico-sdk/src/common/pico_time/time.c.obj
 *fill*         0x0000000010007b0d        0x3 
 .rodata.__func__.6
                0x0000000010007b10       0x12 CMakeFiles/TMC2209.dir/home/prlx/pico/pico-sdk/src/common/pico_time/time.c.obj
 *fill*         0x0000000010007b22        0x2 
 .rodata.__func__.7
                0x0000000010007b24        0xf CMakeFiles/TMC2209.dir/home/prlx/pico/pico-sdk/src/common/pico_time/time.c.obj
 *fill*         0x0000000010007b33        0x1 
 .rodata.__func__.8
                0x0000000010007b34        0xc CMakeFiles/TMC2209.dir/home/prlx/pico/pico-sdk/src/common/pico_time/time.c.obj
 .rodata.__func__.9
                0x0000000010007b40       0x15 CMakeFiles/TMC2209.dir/home/prlx/pico/pico-sdk/src/common/pico_time/time.c.obj
 *fill*         0x0000000010007b55        0x3 
 .rodata.hardware_alarm_claim.str1.4
                0x0000000010007b58       0x22 CMakeFiles/TMC2209.dir/home/prlx/pico/pico-sdk/src/rp2_common/hardware_timer/timer.c.obj
 .rodata.busy_wait_us.str1.4
                0x0000000010007b7a       0x5f CMakeFiles/TMC2209.dir/home/prlx/pico/pico-sdk/src/rp2_common/hardware_timer/timer.c.obj
 *fill*         0x0000000010007b7a        0x2 
 .rodata.hardware_alarm_set_target.str1.4
                0x0000000010007b7c       0x63 CMakeFiles/TMC2209.dir/home/prlx/pico/pico-sdk/src/rp2_common/hardware_timer/timer.c.obj
 *fill*         0x0000000010007bdf        0x1 
 .rodata.__func__.0
                0x0000000010007be0       0x1a CMakeFiles/TMC2209.dir/home/prlx/pico/pico-sdk/src/rp2_common/hardware_timer/timer.c.obj
 *fill*         0x0000000010007bfa        0x2 
 .rodata.__func__.1
                0x0000000010007bfc       0x15 CMakeFiles/TMC2209.dir/home/prlx/pico/pico-sdk/src/rp2_common/hardware_timer/timer.c.obj
 .rodata.ph_add_child_node.str1.4
                0x0000000010007c11       0x92 CMakeFiles/TMC2209.dir/home/prlx/pico/pico-sdk/src/common/pico_util/pheap.c.obj
 *fill*         0x0000000010007c11        0x3 
 .rodata.ph_remove_any_head.str1.4
                0x0000000010007c14       0x8c CMakeFiles/TMC2209.dir/home/prlx/pico/pico-sdk/src/common/pico_util/pheap.c.obj
                                         0xa0 (size before relaxing)
 .rodata.ph_remove_and_free_node.str1.4
                0x0000000010007ca0       0x1e CMakeFiles/TMC2209.dir/home/prlx/pico/pico-sdk/src/common/pico_util/pheap.c.obj
                                         0x26 (size before relaxing)
 *fill*         0x0000000010007cbe        0x2 
 .rodata.__func__.0
                0x0000000010007cc0       0x18 CMakeFiles/TMC2209.dir/home/prlx/pico/pico-sdk/src/common/pico_util/pheap.c.obj
 .rodata.__func__.1
                0x0000000010007cd8       0x13 CMakeFiles/TMC2209.dir/home/prlx/pico/pico-sdk/src/common/pico_util/pheap.c.obj
 *fill*         0x0000000010007ceb        0x1 
 .rodata.__func__.2
                0x0000000010007cec       0x12 CMakeFiles/TMC2209.dir/home/prlx/pico/pico-sdk/src/common/pico_util/pheap.c.obj
 *fill*         0x0000000010007cfe        0x2 
 .rodata.__func__.3
                0x0000000010007d00        0xc CMakeFiles/TMC2209.dir/home/prlx/pico/pico-sdk/src/common/pico_util/pheap.c.obj
 .rodata.clock_configure.str1.4
                0x0000000010007d0c       0x55 CMakeFiles/TMC2209.dir/home/prlx/pico/pico-sdk/src/rp2_common/hardware_clocks/clocks.c.obj
 *fill*         0x0000000010007d61        0x3 
 .rodata.__func__.1
                0x0000000010007d64       0x10 CMakeFiles/TMC2209.dir/home/prlx/pico/pico-sdk/src/rp2_common/hardware_clocks/clocks.c.obj
 .rodata.pll_init.str1.4
                0x0000000010007d74      0x120 CMakeFiles/TMC2209.dir/home/prlx/pico/pico-sdk/src/rp2_common/hardware_pll/pll.c.obj
 .rodata.__func__.0
                0x0000000010007e94        0x9 CMakeFiles/TMC2209.dir/home/prlx/pico/pico-sdk/src/rp2_common/hardware_pll/pll.c.obj
 *fill*         0x0000000010007e9d        0x3 
 .rodata.__assert_func.str1.4
                0x0000000010007ea0       0x3f CMakeFiles/TMC2209.dir/home/prlx/pico/pico-sdk/src/rp2_common/pico_runtime/runtime.c.obj
                                         0x43 (size before relaxing)
 *fill*         0x0000000010007edf        0x1 
 .rodata.runtime_init.str1.4
                0x0000000010007ee0       0x5f CMakeFiles/TMC2209.dir/home/prlx/pico/pico-sdk/src/rp2_common/pico_runtime/runtime.c.obj
 *fill*         0x0000000010007f3f        0x1 
 .rodata.panic.str1.4
                0x0000000010007f40       0x12 CMakeFiles/TMC2209.dir/home/prlx/pico/pico-sdk/src/rp2_common/pico_runtime/runtime.c.obj
 *fill*         0x0000000010007f52        0x2 
 .rodata.__func__.2
                0x0000000010007f54        0xd CMakeFiles/TMC2209.dir/home/prlx/pico/pico-sdk/src/rp2_common/pico_runtime/runtime.c.obj
 *fill*         0x0000000010007f61        0x3 
 .rodata._ftoa.str1.4
                0x0000000010007f64       0x15 CMakeFiles/TMC2209.dir/home/prlx/pico/pico-sdk/src/rp2_common/pico_printf/printf.c.obj
 *fill*         0x0000000010007f79        0x3 
 .rodata._vsnprintf
                0x0000000010007f7c      0x1e0 CMakeFiles/TMC2209.dir/home/prlx/pico/pico-sdk/src/rp2_common/pico_printf/printf.c.obj
 *fill*         0x000000001000815c        0x4 
 .rodata.pow10.0
                0x0000000010008160       0x50 CMakeFiles/TMC2209.dir/home/prlx/pico/pico-sdk/src/rp2_common/pico_printf/printf.c.obj
 .rodata.__aeabi_double_init.str1.4
                0x00000000100081b0       0x9a CMakeFiles/TMC2209.dir/home/prlx/pico/pico-sdk/src/rp2_common/pico_double/double_init_rom.c.obj
 *fill*         0x000000001000824a        0x2 
 .rodata.__func__.0
                0x000000001000824c       0x14 CMakeFiles/TMC2209.dir/home/prlx/pico/pico-sdk/src/rp2_common/pico_double/double_init_rom.c.obj
 .rodata.__aeabi_float_init.str1.4
                0x0000000010008260       0x78 CMakeFiles/TMC2209.dir/home/prlx/pico/pico-sdk/src/rp2_common/pico_float/float_init_rom.c.obj
                                         0x7c (size before relaxing)
 .rodata.__func__.0
                0x00000000100082d8       0x13 CMakeFiles/TMC2209.dir/home/prlx/pico/pico-sdk/src/rp2_common/pico_float/float_init_rom.c.obj
 *fill*         0x00000000100082eb        0x1 
 .rodata.str1.4
                0x00000000100082ec       0x3c CMakeFiles/TMC2209.dir/home/prlx/pico/pico-sdk/src/rp2_common/pico_standard_link/binary_info.c.obj
 .rodata.__bi_44
                0x0000000010008328        0xc CMakeFiles/TMC2209.dir/home/prlx/pico/pico-sdk/src/rp2_common/pico_standard_link/binary_info.c.obj
 .rodata.__bi_75
                0x0000000010008334        0xc CMakeFiles/TMC2209.dir/home/prlx/pico/pico-sdk/src/rp2_common/pico_standard_link/binary_info.c.obj
 .rodata.__bi_81
                0x0000000010008340        0xc CMakeFiles/TMC2209.dir/home/prlx/pico/pico-sdk/src/rp2_common/pico_standard_link/binary_info.c.obj
 .rodata.stdout_serialize_begin.str1.4
                0x000000001000834c       0x5f CMakeFiles/TMC2209.dir/home/prlx/pico/pico-sdk/src/rp2_common/pico_stdio/stdio.c.obj
 .rodata.__func__.3
                0x000000001000834c       0x15 CMakeFiles/TMC2209.dir/home/prlx/pico/pico-sdk/src/rp2_common/pico_stdio/stdio.c.obj
 *fill*         0x0000000010008361        0x3 
 .rodata.crlf_str.2
                0x0000000010008364        0x2 CMakeFiles/TMC2209.dir/home/prlx/pico/pico-sdk/src/rp2_common/pico_stdio/stdio.c.obj
 *fill*         0x0000000010008366        0x2 
 .rodata.str1.4
                0x0000000010008368       0x2c CMakeFiles/TMC2209.dir/home/prlx/pico/pico-sdk/src/rp2_common/pico_stdio_uart/stdio_uart.c.obj
 .rodata.__bi_33.4
                0x0000000010008394        0xc CMakeFiles/TMC2209.dir/home/prlx/pico/pico-sdk/src/rp2_common/pico_stdio_uart/stdio_uart.c.obj
 .rodata.__bi_34.5
                0x00000000100083a0        0x8 CMakeFiles/TMC2209.dir/home/prlx/pico/pico-sdk/src/rp2_common/pico_stdio_uart/stdio_uart.c.obj
 .rodata._resetd_driver
                0x00000000100083a8       0x18 CMakeFiles/TMC2209.dir/home/prlx/pico/pico-sdk/src/rp2_common/pico_stdio_usb/reset_interface.c.obj
 .rodata.low_priority_worker_irq.str1.4
                0x00000000100083c0       0x5f CMakeFiles/TMC2209.dir/home/prlx/pico/pico-sdk/src/rp2_common/pico_stdio_usb/stdio_usb.c.obj
 .rodata.stdio_usb_init.str1.4
                0x00000000100083c0       0x43 CMakeFiles/TMC2209.dir/home/prlx/pico/pico-sdk/src/rp2_common/pico_stdio_usb/stdio_usb.c.obj
                                         0x4b (size before relaxing)
 *fill*         0x0000000010008403        0x1 
 .rodata.str1.4
                0x0000000010008404       0x13 CMakeFiles/TMC2209.dir/home/prlx/pico/pico-sdk/src/rp2_common/pico_stdio_usb/stdio_usb.c.obj
 *fill*         0x0000000010008417        0x1 
 .rodata.__bi_182.0
                0x0000000010008418        0xc CMakeFiles/TMC2209.dir/home/prlx/pico/pico-sdk/src/rp2_common/pico_stdio_usb/stdio_usb.c.obj
 .rodata.__func__.1
                0x0000000010008424        0xf CMakeFiles/TMC2209.dir/home/prlx/pico/pico-sdk/src/rp2_common/pico_stdio_usb/stdio_usb.c.obj
 *fill*         0x0000000010008433        0x1 
 .rodata.__func__.3
                0x0000000010008434       0x15 CMakeFiles/TMC2209.dir/home/prlx/pico/pico-sdk/src/rp2_common/pico_stdio_usb/stdio_usb.c.obj
 *fill*         0x0000000010008449        0x3 
 .rodata.str1.4
                0x000000001000844c       0x2a CMakeFiles/TMC2209.dir/home/prlx/pico/pico-sdk/src/rp2_common/pico_stdio_usb/stdio_usb_descriptors.c.obj
 *fill*         0x0000000010008476        0x2 
 .rodata.usbd_desc_cfg
                0x0000000010008478       0x54 CMakeFiles/TMC2209.dir/home/prlx/pico/pico-sdk/src/rp2_common/pico_stdio_usb/stdio_usb_descriptors.c.obj
 .rodata.usbd_desc_device
                0x00000000100084cc       0x12 CMakeFiles/TMC2209.dir/home/prlx/pico/pico-sdk/src/rp2_common/pico_stdio_usb/stdio_usb_descriptors.c.obj
 *fill*         0x00000000100084de        0x2 
 .rodata.usbd_desc_str
                0x00000000100084e0       0x18 CMakeFiles/TMC2209.dir/home/prlx/pico/pico-sdk/src/rp2_common/pico_stdio_usb/stdio_usb_descriptors.c.obj
 .rodata.pico_get_unique_board_id_string.str1.4
                0x00000000100084f8       0x4b CMakeFiles/TMC2209.dir/home/prlx/pico/pico-sdk/src/rp2_common/pico_unique_id/unique_id.c.obj
 *fill*         0x0000000010008543        0x1 
 .rodata.__func__.0
                0x0000000010008544       0x20 CMakeFiles/TMC2209.dir/home/prlx/pico/pico-sdk/src/rp2_common/pico_unique_id/unique_id.c.obj
 .rodata.str1.4
                0x0000000010008564      0x156 CMakeFiles/TMC2209.dir/home/prlx/pico/pico-sdk/src/rp2_common/hardware_flash/flash.c.obj
 *fill*         0x00000000100086ba        0x2 
 .rodata.__func__.0
                0x00000000100086bc        0xd CMakeFiles/TMC2209.dir/home/prlx/pico/pico-sdk/src/rp2_common/hardware_flash/flash.c.obj
 *fill*         0x00000000100086c9        0x3 
 .rodata._hw_endpoint_alloc.str1.4
                0x00000000100086cc       0xb5 CMakeFiles/TMC2209.dir/home/prlx/pico/pico-sdk/lib/tinyusb/src/portable/raspberrypi/rp2040/dcd_rp2040.c.obj
 *fill*         0x0000000010008781        0x3 
 .rodata.str1.4
                0x0000000010008784       0x14 CMakeFiles/TMC2209.dir/home/prlx/pico/pico-sdk/lib/tinyusb/src/portable/raspberrypi/rp2040/dcd_rp2040.c.obj
 .rodata.dcd_int_enable.str1.4
                0x0000000010008798        0xc CMakeFiles/TMC2209.dir/home/prlx/pico/pico-sdk/lib/tinyusb/src/portable/raspberrypi/rp2040/dcd_rp2040.c.obj
 .rodata.__func__.0
                0x00000000100087a4        0xe CMakeFiles/TMC2209.dir/home/prlx/pico/pico-sdk/lib/tinyusb/src/portable/raspberrypi/rp2040/dcd_rp2040.c.obj
 *fill*         0x00000000100087b2        0x2 
 .rodata.__func__.1
                0x00000000100087b4        0xe CMakeFiles/TMC2209.dir/home/prlx/pico/pico-sdk/lib/tinyusb/src/portable/raspberrypi/rp2040/dcd_rp2040.c.obj
 *fill*         0x00000000100087c2        0x2 
 .rodata.__func__.3
                0x00000000100087c4       0x10 CMakeFiles/TMC2209.dir/home/prlx/pico/pico-sdk/lib/tinyusb/src/portable/raspberrypi/rp2040/dcd_rp2040.c.obj
 .rodata.__func__.5
                0x00000000100087d4        0xf CMakeFiles/TMC2209.dir/home/prlx/pico/pico-sdk/lib/tinyusb/src/portable/raspberrypi/rp2040/dcd_rp2040.c.obj
 *fill*         0x00000000100087e3        0x1 
 .rodata.__func__.6
                0x00000000100087e4       0x13 CMakeFiles/TMC2209.dir/home/prlx/pico/pico-sdk/lib/tinyusb/src/portable/raspberrypi/rp2040/dcd_rp2040.c.obj
 *fill*         0x00000000100087f7        0x1 
 .rodata.__func__.7
                0x00000000100087f8        0x9 CMakeFiles/TMC2209.dir/home/prlx/pico/pico-sdk/lib/tinyusb/src/portable/raspberrypi/rp2040/dcd_rp2040.c.obj
 *fill*         0x0000000010008801        0x3 
 .rodata.str1.4
                0x0000000010008804       0xdd CMakeFiles/TMC2209.dir/home/prlx/pico/pico-sdk/lib/tinyusb/src/portable/raspberrypi/rp2040/rp2040_usb.c.obj
                                         0xe7 (size before relaxing)
 *fill*         0x00000000100088e1        0x3 
 .rodata.__func__.0
                0x00000000100088e4        0xf CMakeFiles/TMC2209.dir/home/prlx/pico/pico-sdk/lib/tinyusb/src/portable/raspberrypi/rp2040/rp2040_usb.c.obj
 *fill*         0x00000000100088f3        0x1 
 .rodata.process_get_descriptor
                0x00000000100088f4       0x40 CMakeFiles/TMC2209.dir/home/prlx/pico/pico-sdk/lib/tinyusb/src/device/usbd.c.obj
 .rodata.process_control_request
                0x0000000010008934       0x28 CMakeFiles/TMC2209.dir/home/prlx/pico/pico-sdk/lib/tinyusb/src/device/usbd.c.obj
 .rodata.tud_task_ext
                0x000000001000895c       0x24 CMakeFiles/TMC2209.dir/home/prlx/pico/pico-sdk/lib/tinyusb/src/device/usbd.c.obj
 .rodata._usbd_driver
                0x0000000010008980       0x18 CMakeFiles/TMC2209.dir/home/prlx/pico/pico-sdk/lib/tinyusb/src/device/usbd.c.obj
                0x0000000010008998                . = ALIGN (0x4)
 *(SORT_BY_ALIGNMENT(SORT_BY_NAME(.flashdata*)))
                0x0000000010008998                . = ALIGN (0x4)

.ARM.extab
 *(.ARM.extab* .gnu.linkonce.armextab.*)
                0x0000000010008998                __exidx_start = .

.ARM.exidx
 *(.ARM.exidx* .gnu.linkonce.armexidx.*)
                0x0000000010008998                __exidx_end = .
                0x0000000010008998                . = ALIGN (0x4)
                0x0000000010008998                __binary_info_start = .

.binary_info    0x0000000010008998       0x28
 *(.binary_info.keep.*)
 .binary_info.keep.__bi_ptr22
                0x0000000010008998        0x4 CMakeFiles/TMC2209.dir/home/prlx/pico/pico-sdk/src/rp2_common/pico_standard_link/binary_info.c.obj
 .binary_info.keep.__bi_ptr30
                0x000000001000899c        0x4 CMakeFiles/TMC2209.dir/home/prlx/pico/pico-sdk/src/rp2_common/pico_standard_link/binary_info.c.obj
 .binary_info.keep.__bi_ptr38
                0x00000000100089a0        0x4 CMakeFiles/TMC2209.dir/home/prlx/pico/pico-sdk/src/rp2_common/pico_standard_link/binary_info.c.obj
 .binary_info.keep.__bi_ptr44
                0x00000000100089a4        0x4 CMakeFiles/TMC2209.dir/home/prlx/pico/pico-sdk/src/rp2_common/pico_standard_link/binary_info.c.obj
 .binary_info.keep.__bi_ptr50
                0x00000000100089a8        0x4 CMakeFiles/TMC2209.dir/home/prlx/pico/pico-sdk/src/rp2_common/pico_standard_link/binary_info.c.obj
 .binary_info.keep.__bi_ptr75
                0x00000000100089ac        0x4 CMakeFiles/TMC2209.dir/home/prlx/pico/pico-sdk/src/rp2_common/pico_standard_link/binary_info.c.obj
 .binary_info.keep.__bi_ptr81
                0x00000000100089b0        0x4 CMakeFiles/TMC2209.dir/home/prlx/pico/pico-sdk/src/rp2_common/pico_standard_link/binary_info.c.obj
 *(.binary_info.*)
 .binary_info.__bi_ptr33
                0x00000000100089b4        0x4 CMakeFiles/TMC2209.dir/home/prlx/pico/pico-sdk/src/rp2_common/pico_stdio_uart/stdio_uart.c.obj
 .binary_info.__bi_ptr34
                0x00000000100089b8        0x4 CMakeFiles/TMC2209.dir/home/prlx/pico/pico-sdk/src/rp2_common/pico_stdio_uart/stdio_uart.c.obj
 .binary_info.__bi_ptr182
                0x00000000100089bc        0x4 CMakeFiles/TMC2209.dir/home/prlx/pico/pico-sdk/src/rp2_common/pico_stdio_usb/stdio_usb.c.obj
                0x00000000100089c0                __binary_info_end = .

.rel.dyn        0x00000000100089c0        0x0
 .rel.iplt      0x00000000100089c0        0x0 /usr/lib/gcc/arm-none-eabi/10.3.1/thumb/v6-m/nofp/crtbegin.o
                0x00000000100089c0                . = ALIGN (0x4)

.ram_vector_table
                0x0000000020000000       0xc0
 *(.ram_vector_table)
 .ram_vector_table
                0x0000000020000000       0xc0 CMakeFiles/TMC2209.dir/home/prlx/pico/pico-sdk/src/rp2_common/pico_runtime/runtime.c.obj
                0x0000000020000000                ram_vector_table

.data           0x00000000200000c0      0xc08 load address 0x00000000100089c0
                0x00000000200000c0                __data_start__ = .
 *(vtable)
 *(.time_critical*)
 .time_critical.mutex_try_enter
                0x00000000200000c0       0x46 CMakeFiles/TMC2209.dir/home/prlx/pico/pico-sdk/src/common/pico_sync/mutex.c.obj
                0x00000000200000c0                mutex_try_enter
 *fill*         0x0000000020000106        0x2 
 .time_critical.mutex_enter_block_until
                0x0000000020000108       0x8c CMakeFiles/TMC2209.dir/home/prlx/pico/pico-sdk/src/common/pico_sync/mutex.c.obj
                0x0000000020000108                mutex_enter_block_until
 .time_critical.mutex_try_enter_block_until
                0x0000000020000194       0x34 CMakeFiles/TMC2209.dir/home/prlx/pico/pico-sdk/src/common/pico_sync/mutex.c.obj
                0x0000000020000194                mutex_try_enter_block_until
 .time_critical.mutex_enter_timeout_ms
                0x00000000200001c8       0x68 CMakeFiles/TMC2209.dir/home/prlx/pico/pico-sdk/src/common/pico_sync/mutex.c.obj
                0x00000000200001c8                mutex_enter_timeout_ms
 .time_critical.mutex_exit
                0x0000000020000230       0x4c CMakeFiles/TMC2209.dir/home/prlx/pico/pico-sdk/src/common/pico_sync/mutex.c.obj
                0x0000000020000230                mutex_exit
 .time_critical.flash_init_boot2_copyout
                0x000000002000027c       0x30 CMakeFiles/TMC2209.dir/home/prlx/pico/pico-sdk/src/rp2_common/hardware_flash/flash.c.obj
 .time_critical.flash_enable_xip_via_boot2
                0x00000000200002ac       0x10 CMakeFiles/TMC2209.dir/home/prlx/pico/pico-sdk/src/rp2_common/hardware_flash/flash.c.obj
 .time_critical.flash_cs_force
                0x00000000200002bc       0x28 CMakeFiles/TMC2209.dir/home/prlx/pico/pico-sdk/src/rp2_common/hardware_flash/flash.c.obj
 .time_critical.flash_do_cmd
                0x00000000200002e4       0xd8 CMakeFiles/TMC2209.dir/home/prlx/pico/pico-sdk/src/rp2_common/hardware_flash/flash.c.obj
                0x00000000200002e4                flash_do_cmd
 .time_critical.reset_non_control_endpoints
                0x00000000200003bc       0x40 CMakeFiles/TMC2209.dir/home/prlx/pico/pico-sdk/lib/tinyusb/src/portable/raspberrypi/rp2040/dcd_rp2040.c.obj
 .time_critical.hw_handle_buff_status
                0x00000000200003fc       0xa4 CMakeFiles/TMC2209.dir/home/prlx/pico/pico-sdk/lib/tinyusb/src/portable/raspberrypi/rp2040/dcd_rp2040.c.obj
 .time_critical.dcd_rp2040_irq
                0x00000000200004a0      0x1cc CMakeFiles/TMC2209.dir/home/prlx/pico/pico-sdk/lib/tinyusb/src/portable/raspberrypi/rp2040/dcd_rp2040.c.obj
 .time_critical.e15_is_bulkin_ep
                0x000000002000066c       0x2c CMakeFiles/TMC2209.dir/home/prlx/pico/pico-sdk/lib/tinyusb/src/portable/raspberrypi/rp2040/rp2040_usb.c.obj
 .time_critical.e15_is_critical_frame_period
                0x0000000020000698       0x30 CMakeFiles/TMC2209.dir/home/prlx/pico/pico-sdk/lib/tinyusb/src/portable/raspberrypi/rp2040/rp2040_usb.c.obj
 .time_critical.prepare_ep_buffer
                0x00000000200006c8       0x70 CMakeFiles/TMC2209.dir/home/prlx/pico/pico-sdk/lib/tinyusb/src/portable/raspberrypi/rp2040/rp2040_usb.c.obj
 .time_critical.sync_ep_buffer
                0x0000000020000738       0x80 CMakeFiles/TMC2209.dir/home/prlx/pico/pico-sdk/lib/tinyusb/src/portable/raspberrypi/rp2040/rp2040_usb.c.obj
 .time_critical._hw_endpoint_xfer_sync
                0x00000000200007b8       0x28 CMakeFiles/TMC2209.dir/home/prlx/pico/pico-sdk/lib/tinyusb/src/portable/raspberrypi/rp2040/rp2040_usb.c.obj
 .time_critical.hw_endpoint_reset_transfer
                0x00000000200007e0        0xc CMakeFiles/TMC2209.dir/home/prlx/pico/pico-sdk/lib/tinyusb/src/portable/raspberrypi/rp2040/rp2040_usb.c.obj
                0x00000000200007e0                hw_endpoint_reset_transfer
 .time_critical._hw_endpoint_buffer_control_update32
                0x00000000200007ec       0x58 CMakeFiles/TMC2209.dir/home/prlx/pico/pico-sdk/lib/tinyusb/src/portable/raspberrypi/rp2040/rp2040_usb.c.obj
                0x00000000200007ec                _hw_endpoint_buffer_control_update32
 .time_critical.hw_endpoint_start_next_buffer
                0x0000000020000844       0x88 CMakeFiles/TMC2209.dir/home/prlx/pico/pico-sdk/lib/tinyusb/src/portable/raspberrypi/rp2040/rp2040_usb.c.obj
                0x0000000020000844                hw_endpoint_start_next_buffer
 .time_critical.hw_endpoint_xfer_continue
                0x00000000200008cc       0x50 CMakeFiles/TMC2209.dir/home/prlx/pico/pico-sdk/lib/tinyusb/src/portable/raspberrypi/rp2040/rp2040_usb.c.obj
                0x00000000200008cc                hw_endpoint_xfer_continue
 .time_critical.tinyusb
                0x000000002000091c      0x200 CMakeFiles/TMC2209.dir/home/prlx/pico/pico-sdk/lib/tinyusb/src/device/usbd.c.obj
                0x000000002000091c                dcd_event_handler
 *(.text*)
 .text          0x0000000020000b1c        0x4 /usr/lib/gcc/arm-none-eabi/10.3.1/thumb/v6-m/nofp/libgcc.a(_dvmd_tls.o)
                0x0000000020000b1c                __aeabi_ldiv0
                0x0000000020000b1c                __aeabi_idiv0
 .text.__stub   0x0000000020000b20       0x90 linker stubs
                0x0000000020000bb0                . = ALIGN (0x4)
 *(.rodata*)
                0x0000000020000bb0                . = ALIGN (0x4)
 *(.data*)
 .data.striped_spin_lock_num
                0x0000000020000bb0        0x1 CMakeFiles/TMC2209.dir/home/prlx/pico/pico-sdk/src/rp2_common/hardware_sync/sync.c.obj
 *fill*         0x0000000020000bb1        0x3 
 .data          0x0000000020000bb4       0x48 CMakeFiles/TMC2209.dir/home/prlx/pico/pico-sdk/src/rp2_common/hardware_irq/irq_handler_chain.S.obj
                0x0000000020000bb4                irq_handler_chain_slots
                0x0000000020000be4                irq_handler_chain_first_slot
                0x0000000020000bee                irq_handler_chain_remove_tail
 .data.default_alarm_pool
                0x0000000020000bfc       0x18 CMakeFiles/TMC2209.dir/home/prlx/pico/pico-sdk/src/common/pico_time/time.c.obj
 .data.default_alarm_pool_heap
                0x0000000020000c14       0x10 CMakeFiles/TMC2209.dir/home/prlx/pico/pico-sdk/src/common/pico_time/time.c.obj
 *fill*         0x0000000020000c24        0xc 
 .data.aeabi_bits_funcs
                0x0000000020000c30       0x10 CMakeFiles/TMC2209.dir/home/prlx/pico/pico-sdk/src/rp2_common/pico_bit_ops/bit_ops_aeabi.S.obj
                0x0000000020000c30                aeabi_bits_funcs
                0x0000000020000c40                aeabi_bits_funcs_end
 .data.aeabi_mem_funcs
                0x0000000020000c40       0x10 CMakeFiles/TMC2209.dir/home/prlx/pico/pico-sdk/src/rp2_common/pico_mem_ops/mem_ops_aeabi.S.obj
                0x0000000020000c40                aeabi_mem_funcs
                0x0000000020000c50                aeabi_mem_funcs_end
 .data.stdio_uart
                0x0000000020000c50       0x18 CMakeFiles/TMC2209.dir/home/prlx/pico/pico-sdk/src/rp2_common/pico_stdio_uart/stdio_uart.c.obj
                0x0000000020000c50                stdio_uart
 .data.stdio_usb
                0x0000000020000c68       0x18 CMakeFiles/TMC2209.dir/home/prlx/pico/pico-sdk/src/rp2_common/pico_stdio_usb/stdio_usb.c.obj
                0x0000000020000c68                stdio_usb
 .data.ep_dir_string